Component: ARM Compiler 5.06 update 6 (build 750) Tool: armlink [4d35ed]

==============================================================================

Section Cross References

    startup_stm32l071xx.o(STACK) refers (Special) to heapauxi.o(.text) for __use_two_region_memory
    startup_stm32l071xx.o(HEAP) refers (Special) to heapauxi.o(.text) for __use_two_region_memory
    startup_stm32l071xx.o(RESET) refers (Special) to heapauxi.o(.text) for __use_two_region_memory
    startup_stm32l071xx.o(RESET) refers to startup_stm32l071xx.o(STACK) for __initial_sp
    startup_stm32l071xx.o(RESET) refers to startup_stm32l071xx.o(.text) for Reset_Handler
    startup_stm32l071xx.o(RESET) refers to stm32l0xx_it.o(i.NMI_Handler) for NMI_Handler
    startup_stm32l071xx.o(RESET) refers to stm32l0xx_it.o(i.HardFault_Handler) for HardFault_Handler
    startup_stm32l071xx.o(RESET) refers to stm32l0xx_it.o(i.SVC_Handler) for SVC_Handler
    startup_stm32l071xx.o(RESET) refers to stm32l0xx_it.o(i.PendSV_Handler) for PendSV_Handler
    startup_stm32l071xx.o(RESET) refers to stm32l0xx_it.o(i.SysTick_Handler) for SysTick_Handler
    startup_stm32l071xx.o(RESET) refers to stm32l0xx_it.o(i.DMA1_Channel2_3_IRQHandler) for DMA1_Channel2_3_IRQHandler
    startup_stm32l071xx.o(RESET) refers to stm32l0xx_it.o(i.USART4_5_IRQHandler) for USART4_5_IRQHandler
    startup_stm32l071xx.o(RESET) refers to stm32l0xx_it.o(i.TIM2_IRQHandler) for TIM2_IRQHandler
    startup_stm32l071xx.o(RESET) refers to stm32l0xx_it.o(i.LPUART1_IRQHandler) for LPUART1_IRQHandler
    startup_stm32l071xx.o(.text) refers (Special) to heapauxi.o(.text) for __use_two_region_memory
    startup_stm32l071xx.o(.text) refers to system_stm32l0xx.o(i.SystemInit) for SystemInit
    startup_stm32l071xx.o(.text) refers to __main.o(!!!main) for __main
    startup_stm32l071xx.o(.text) refers to startup_stm32l071xx.o(HEAP) for Heap_Mem
    startup_stm32l071xx.o(.text) refers to startup_stm32l071xx.o(STACK) for Stack_Mem
    internal_flash.o(i.flash_erase_all) refers to rt_memclr.o(.text) for __aeabi_memclr4
    internal_flash.o(i.flash_erase_all) refers to noretval__2printf.o(.text) for __2printf
    internal_flash.o(i.flash_erase_all) refers to internal_flash.o(i.flash_writeblock) for flash_writeblock
    internal_flash.o(i.flash_writeblock) refers to stm32l0xx_hal_flash_ex.o(i.HAL_FLASHEx_DATAEEPROM_Unlock) for HAL_FLASHEx_DATAEEPROM_Unlock
    internal_flash.o(i.flash_writeblock) refers to stm32l0xx_hal_flash_ex.o(i.HAL_FLASHEx_DATAEEPROM_Program) for HAL_FLASHEx_DATAEEPROM_Program
    internal_flash.o(i.flash_writeblock) refers to stm32l0xx_hal_flash_ex.o(i.HAL_FLASHEx_DATAEEPROM_Lock) for HAL_FLASHEx_DATAEEPROM_Lock
    main.o(.rev16_text) refers (Special) to use_no_semi_2.o(.text) for __use_no_semihosting
    main.o(.revsh_text) refers (Special) to use_no_semi_2.o(.text) for __use_no_semihosting
    main.o(i.Error_Handler) refers (Special) to use_no_semi_2.o(.text) for __use_no_semihosting
    main.o(i.SystemClock_Config) refers (Special) to use_no_semi_2.o(.text) for __use_no_semihosting
    main.o(i.SystemClock_Config) refers to rt_memclr.o(.text) for __aeabi_memclr4
    main.o(i.SystemClock_Config) refers to stm32l0xx_hal_rcc.o(i.HAL_RCC_OscConfig) for HAL_RCC_OscConfig
    main.o(i.SystemClock_Config) refers to stm32l0xx_hal_rcc.o(i.HAL_RCC_ClockConfig) for HAL_RCC_ClockConfig
    main.o(i.SystemClock_Config) refers to stm32l0xx_hal_rcc_ex.o(i.HAL_RCCEx_PeriphCLKConfig) for HAL_RCCEx_PeriphCLKConfig
    main.o(i._sys_exit) refers (Special) to use_no_semi_2.o(.text) for __use_no_semihosting
    main.o(i.fputc) refers (Special) to use_no_semi_2.o(.text) for __use_no_semihosting
    main.o(i.fputc) refers to stm32l0xx_hal_uart.o(i.HAL_UART_Transmit) for HAL_UART_Transmit
    main.o(i.fputc) refers to usart.o(.bss) for huart1
    main.o(i.main) refers (Special) to use_no_semi_2.o(.text) for __use_no_semihosting
    main.o(i.main) refers to stm32l0xx_hal.o(i.HAL_Init) for HAL_Init
    main.o(i.main) refers to main.o(i.SystemClock_Config) for SystemClock_Config
    main.o(i.main) refers to gpio.o(i.MX_GPIO_Init) for MX_GPIO_Init
    main.o(i.main) refers to dma.o(i.MX_DMA_Init) for MX_DMA_Init
    main.o(i.main) refers to tim.o(i.MX_TIM2_Init) for MX_TIM2_Init
    main.o(i.main) refers to usart.o(i.MX_USART1_UART_Init) for MX_USART1_UART_Init
    main.o(i.main) refers to usart.o(i.MX_USART4_UART_Init) for MX_USART4_UART_Init
    main.o(i.main) refers to i2c.o(i.MX_I2C1_Init) for MX_I2C1_Init
    main.o(i.main) refers to spi.o(i.MX_SPI2_Init) for MX_SPI2_Init
    main.o(i.main) refers to usart.o(i.MX_LPUART1_UART_Init) for MX_LPUART1_UART_Init
    main.o(i.main) refers to noretval__2printf.o(.text) for __2printf
    main.o(i.main) refers to modbus_test.o(i.detect_thermokon_sensor) for detect_thermokon_sensor
    main.o(.data) refers (Special) to use_no_semi_2.o(.text) for __use_no_semihosting
[...]
    ../clib/angel/sys.s                      0x00000000   Number         0  use_no_semi.o ABSOLUTE
    ../clib/angel/sys.s                      0x00000000   Number         0  indicate_semi.o ABSOLUTE
    ../clib/angel/sys.s                      0x00000000   Number         0  libspace.o ABSOLUTE
    ../clib/angel/sys.s                      0x00000000   Number         0  tempstk.o ABSOLUTE
    ../clib/angel/sys.s                      0x00000000   Number         0  use_no_semi_2.o ABSOLUTE
    ../clib/angel/sysapp.c                   0x00000000   Number         0  sys_command.o ABSOLUTE
    ../clib/angel/sysapp.c                   0x00000000   Number         0  sys_wrch.o ABSOLUTE
    ../clib/armsys.c                         0x00000000   Number         0  argv_veneer.o ABSOLUTE
    ../clib/armsys.c                         0x00000000   Number         0  _get_argv_nomalloc.o ABSOLUTE
    ../clib/armsys.c                         0x00000000   Number         0  no_argv.o ABSOLUTE
    ../clib/division.c                       0x00000000   Number         0  rtudiv10.o ABSOLUTE
    ../clib/division.c                       0x00000000   Number         0  lludiv.o ABSOLUTE
    ../clib/division.s                       0x00000000   Number         0  aeabi_sdiv_div0.o ABSOLUTE
    ../clib/division.s                       0x00000000   Number         0  aeabi_sdiv.o ABSOLUTE
    ../clib/heapalloc.c                      0x00000000   Number         0  hrguard.o ABSOLUTE
    ../clib/heapaux.c                        0x00000000   Number         0  heapauxi.o ABSOLUTE
    ../clib/libinit.s                        0x00000000   Number         0  libinit2.o ABSOLUTE
    ../clib/libinit.s                        0x00000000   Number         0  libshutdown2.o ABSOLUTE
    ../clib/libinit.s                        0x00000000   Number         0  libinit.o ABSOLUTE
    ../clib/libinit.s                        0x00000000   Number         0  libshutdown.o ABSOLUTE
    ../clib/memcpset.c                       0x00000000   Number         0  rt_memclr.o ABSOLUTE
    ../clib/misc.s                           0x00000000   Number         0  printf_stubs.o ABSOLUTE
    ../clib/printf.c                         0x00000000   Number         0  _printf_char_file.o ABSOLUTE
    ../clib/printf.c                         0x00000000   Number         0  _printf_char.o ABSOLUTE
    ../clib/printf.c                         0x00000000   Number         0  _printf_intcommon.o ABSOLUTE
    ../clib/printf.c                         0x00000000   Number         0  __printf_flags_ss_wp.o ABSOLUTE
    ../clib/printf.c                         0x00000000   Number         0  __printf_ss_wp.o ABSOLUTE
    ../clib/printf.c                         0x00000000   Number         0  __printf_flags_wp.o ABSOLUTE
    ../clib/printf.c                         0x00000000   Number         0  __printf_wp.o ABSOLUTE
    ../clib/printf.c                         0x00000000   Number         0  __printf_flags_ss.o ABSOLUTE
    ../clib/printf.c                         0x00000000   Number         0  __printf_ss.o ABSOLUTE
    ../clib/printf.c                         0x00000000   Number         0  __printf_flags.o ABSOLUTE
    ../clib/printf.c                         0x00000000   Number         0  _printf_hex_ll_ptr.o ABSOLUTE
    ../clib/printf.c                         0x00000000   Number         0  _printf_hex_int_ptr.o ABSOLUTE
    ../clib/printf.c                         0x00000000   Number         0  _printf_hex_ptr.o ABSOLUTE
    ../clib/printf.c                         0x00000000   Number         0  _printf_hex_int_ll.o ABSOLUTE
    ../clib/printf.c                         0x00000000   Number         0  _printf_hex_int.o ABSOLUTE
    ../clib/printf.c                         0x00000000   Number         0  _printf_hex_ll.o ABSOLUTE
    ../clib/printf.c                         0x00000000   Number         0  _printf_dec.o ABSOLUTE
    ../clib/printf.c                         0x00000000   Number         0  _printf_str.o ABSOLUTE
    ../clib/printf.c                         0x00000000   Number         0  _printf_pad.o ABSOLUTE
    ../clib/printf.c                         0x00000000   Number         0  __printf.o ABSOLUTE
    ../clib/printf.c                         0x00000000   Number         0  noretval__2printf.o ABSOLUTE
    ../clib/printf.c                         0x00000000   Number         0  __2printf.o ABSOLUTE
    ../clib/printf.c                         0x00000000   Number         0  __printf_nopercent.o ABSOLUTE
    ../clib/printf.c                         0x00000000   Number         0  _printf_char_common.o ABSOLUTE
    ../clib/printf.c                         0x00000000   Number         0  _printf_hex_int_ll_ptr.o ABSOLUTE
    ../clib/printf_percent.s                 0x00000000   Number         0  _printf_percent_end.o ABSOLUTE
    ../clib/printf_percent.s                 0x00000000   Number         0  _printf_percent.o ABSOLUTE
    ../clib/printf_percent.s                 0x00000000   Number         0  _printf_d.o ABSOLUTE
    ../clib/printf_percent.s                 0x00000000   Number         0  _printf_x.o ABSOLUTE
    ../clib/printf_percent.s                 0x00000000   Number         0  _printf_s.o ABSOLUTE
    ../clib/signal.c                         0x00000000   Number         0  defsig_stak_inner.o ABSOLUTE
    ../clib/signal.c                         0x00000000   Number         0  defsig_fpe_formal.o ABSOLUTE
    ../clib/signal.c                         0x00000000   Number         0  defsig_abrt_inner.o ABSOLUTE
    ../clib/signal.c                         0x00000000   Number         0  defsig_rtred_inner.o ABSOLUTE
    ../clib/signal.c                         0x00000000   Number         0  defsig_rtmem_inner.o ABSOLUTE
    ../clib/signal.c                         0x00000000   Number         0  defsig_pvfn_inner.o ABSOLUTE
    ../clib/signal.c                         0x00000000   Number         0  defsig_rtmem_outer.o ABSOLUTE
    ../clib/signal.c                         0x00000000   Number         0  defsig_rtmem_formal.o ABSOLUTE
    ../clib/signal.c                         0x00000000   Number         0  defsig_fpe_outer.o ABSOLUTE
    ../clib/signal.c                         0x00000000   Number         0  defsig_cppl_inner.o ABSOLUTE
    ../clib/signal.c                         0x00000000   Number         0  defsig_segv_inner.o ABSOLUTE
    ../clib/signal.c                         0x00000000   Number         0  defsig_other.o ABSOLUTE
    ../clib/signal.c                         0x00000000   Number         0  defsig_general.o ABSOLUTE
    ../clib/signal.c                         0x00000000   Number         0  __raise.o ABSOLUTE
    ../clib/signal.c                         0x00000000   Number         0  defsig_exit.o ABSOLUTE
    ../clib/signal.c                         0x00000000   Number         0  defsig_fpe_inner.o ABSOLUTE
    ../clib/signal.s                         0x00000000   Number         0  defsig.o ABSOLUTE
    ../clib/stdio.c                          0x00000000   Number         0  ferror.o ABSOLUTE
    ../clib/stdio.c                          0x00000000   Number         0  ferror_locked.o ABSOLUTE
    ../clib/stdlib.c                         0x00000000   Number         0  exit.o ABSOLUTE
    ../fplib/cfplib/fpinit.c                 0x00000000   Number         0  fpinit.o ABSOLUTE
    ..\Core\Src\dma.c                        0x00000000   Number         0  dma.o ABSOLUTE
    ..\Core\Src\gpio.c                       0x00000000   Number         0  gpio.o ABSOLUTE
    ..\Core\Src\i2c.c                        0x00000000   Number         0  i2c.o ABSOLUTE
    ..\Core\Src\internal_flash.c             0x00000000   Number         0  internal_flash.o ABSOLUTE
    ..\Core\Src\main.c                       0x00000000   Number         0  main.o ABSOLUTE
    ..\Core\Src\spi.c                        0x00000000   Number         0  spi.o ABSOLUTE
    ..\Core\Src\stm32l0xx_hal_msp.c          0x00000000   Number         0  stm32l0xx_hal_msp.o ABSOLUTE
    ..\Core\Src\stm32l0xx_it.c               0x00000000   Number         0  stm32l0xx_it.o ABSOLUTE
    ..\Core\Src\system_stm32l0xx.c           0x00000000   Number         0  system_stm32l0xx.o ABSOLUTE
    ..\Core\Src\tim.c                        0x00000000   Number         0  tim.o ABSOLUTE
    ..\Core\Src\usart.c                      0x00000000   Number         0  usart.o ABSOLUTE
    ..\Drivers\STM32L0xx_HAL_Driver\Src\stm32l0xx_hal.c 0x00000000   Number         0  stm32l0xx_hal.o ABSOLUTE
    ..\Drivers\STM32L0xx_HAL_Driver\Src\stm32l0xx_hal_cortex.c 0x00000000   Number         0  stm32l0xx_hal_cortex.o ABSOLUTE
    ..\Drivers\STM32L0xx_HAL_Driver\Src\stm32l0xx_hal_dma.c 0x00000000   Number         0  stm32l0xx_hal_dma.o ABSOLUTE
    ..\Drivers\STM32L0xx_HAL_Driver\Src\stm32l0xx_hal_exti.c 0x00000000   Number         0  stm32l0xx_hal_exti.o ABSOLUTE
    ..\Drivers\STM32L0xx_HAL_Driver\Src\stm32l0xx_hal_flash.c 0x00000000   Number         0  stm32l0xx_hal_flash.o ABSOLUTE
    ..\Drivers\STM32L0xx_HAL_Driver\Src\stm32l0xx_hal_flash_ex.c 0x00000000   Number         0  stm32l0xx_hal_flash_ex.o ABSOLUTE
    ..\Drivers\STM32L0xx_HAL_Driver\Src\stm32l0xx_hal_flash_ramfunc.c 0x00000000   Number         0  stm32l0xx_hal_flash_ramfunc.o ABSOLUTE
    ..\Drivers\STM32L0xx_HAL_Driver\Src\stm32l0xx_hal_gpio.c 0x00000000   Number         0  stm32l0xx_hal_gpio.o ABSOLUTE
    ..\Drivers\STM32L0xx_HAL_Driver\Src\stm32l0xx_hal_i2c.c 0x00000000   Number         0  stm32l0xx_hal_i2c.o ABSOLUTE
    ..\Drivers\STM32L0xx_HAL_Driver\Src\stm32l0xx_hal_i2c_ex.c 0x00000000   Number         0  stm32l0xx_hal_i2c_ex.o ABSOLUTE
    ..\Drivers\STM32L0xx_HAL_Driver\Src\stm32l0xx_hal_pwr.c 0x00000000   Number         0  stm32l0xx_hal_pwr.o ABSOLUTE
    ..\Drivers\STM32L0xx_HAL_Driver\Src\stm32l0xx_hal_pwr_ex.c 0x00000000   Number         0  stm32l0xx_hal_pwr_ex.o ABSOLUTE
    ..\Drivers\STM32L0xx_HAL_Driver\Src\stm32l0xx_hal_rcc.c 0x00000000   Number         0  stm32l0xx_hal_rcc.o ABSOLUTE
    ..\Drivers\STM32L0xx_HAL_Driver\Src\stm32l0xx_hal_rcc_ex.c 0x00000000   Number         0  stm32l0xx_hal_rcc_ex.o ABSOLUTE
    ..\Drivers\STM32L0xx_HAL_Driver\Src\stm32l0xx_hal_spi.c 0x00000000   Number         0  stm32l0xx_hal_spi.o ABSOLUTE
    ..\Drivers\STM32L0xx_HAL_Driver\Src\stm32l0xx_hal_tim.c 0x00000000   Number         0  stm32l0xx_hal_tim.o ABSOLUTE
    ..\Drivers\STM32L0xx_HAL_Driver\Src\stm32l0xx_hal_tim_ex.c 0x00000000   Number         0  stm32l0xx_hal_tim_ex.o ABSOLUTE
    ..\Drivers\STM32L0xx_HAL_Driver\Src\stm32l0xx_hal_uart.c 0x00000000   Number         0  stm32l0xx_hal_uart.o ABSOLUTE
    ..\Drivers\STM32L0xx_HAL_Driver\Src\stm32l0xx_hal_uart_ex.c 0x00000000   Number         0  stm32l0xx_hal_uart_ex.o ABSOLUTE
    ..\\Core\\Src\\internal_flash.c          0x00000000   Number         0  internal_flash.o ABSOLUTE
    ..\\common\\internal_flash_test.c        0x00000000   Number         0  internal_flash_test.o ABSOLUTE
    ..\\common\\modbus_test.c                0x00000000   Number         0  modbus_test.o ABSOLUTE
    ..\common\internal_flash_test.c          0x00000000   Number         0  internal_flash_test.o ABSOLUTE
    ..\common\modbus_test.c                  0x00000000   Number         0  modbus_test.o ABSOLUTE
    dc.s                                     0x00000000   Number         0  dc.o ABSOLUTE
    startup_stm32l071xx.s                    0x00000000   Number         0  startup_stm32l071xx.o ABSOLUTE
    RESET                                    0x08000000   Section      192  startup_stm32l071xx.o(RESET)
    !!!main                                  0x080000c0   Section        8  __main.o(!!!main)
    !!!scatter                               0x080000c8   Section       60  __scatter.o(!!!scatter)
    !!handler_copy                           0x08000104   Section       26  __scatter_copy.o(!!handler_copy)
    !!handler_zi                             0x08000120   Section       28  __scatter_zi.o(!!handler_zi)
    .ARM.Collect$$_printf_percent$$00000000  0x0800013c   Section        2  _printf_percent.o(.ARM.Collect$$_printf_percent$$00000000)
    .ARM.Collect$$_printf_percent$$00000009  0x0800013e   Section       10  _printf_d.o(.ARM.Collect$$_printf_percent$$00000009)
    .ARM.Collect$$_printf_percent$$0000000C  0x08000148   Section       10  _printf_x.o(.ARM.Collect$$_printf_percent$$0000000C)
    .ARM.Collect$$_printf_percent$$00000014  0x08000152   Section       10  _printf_s.o(.ARM.Collect$$_printf_percent$$00000014)
    .ARM.Collect$$_printf_percent$$00000017  0x0800015c   Section        4  _printf_percent_end.o(.ARM.Collect$$_printf_percent$$00000017)
    .ARM.Collect$$libinit$$00000000          0x08000160   Section        2  libinit.o(.ARM.Collect$$libinit$$00000000)
    .ARM.Collect$$libinit$$00000002          0x08000162   Section        0  libinit2.o(.ARM.Collect$$libinit$$00000002)
    .ARM.Collect$$libinit$$00000004          0x08000162   Section        0  libinit2.o(.ARM.Collect$$libinit$$00000004)
    .ARM.Collect$$libinit$$0000000A          0x08000162   Section        0  libinit2.o(.ARM.Collect$$libinit$$0000000A)
    .ARM.Collect$$libinit$$0000000C          0x08000162   Section        0  libinit2.o(.ARM.Collect$$libinit$$0000000C)
    .ARM.Collect$$libinit$$0000000E          0x08000162   Section        0  libinit2.o(.ARM.Collect$$libinit$$0000000E)
    .ARM.Collect$$libinit$$00000011          0x08000162   Section        0  libinit2.o(.ARM.Collect$$libinit$$00000011)
    .ARM.Collect$$libinit$$00000013          0x08000162   Section        0  libinit2.o(.ARM.Collect$$libinit$$00000013)
    .ARM.Collect$$libinit$$00000015          0x08000162   Section        0  libinit2.o(.ARM.Collect$$libinit$$00000015)
    .ARM.Collect$$libinit$$00000017          0x08000162   Section        0  libinit2.o(.ARM.Collect$$libinit$$00000017)
    .ARM.Collect$$libinit$$00000019          0x08000162   Section        0  libinit2.o(.ARM.Collect$$libinit$$00000019)
    .ARM.Collect$$libinit$$0000001B          0x08000162   Section        0  libinit2.o(.ARM.Collect$$libinit$$0000001B)
    .ARM.Collect$$libinit$$0000001D          0x08000162   Section        0  libinit2.o(.ARM.Collect$$libinit$$0000001D)
    .ARM.Collect$$libinit$$0000001F          0x08000162   Section        0  libinit2.o(.ARM.Collect$$libinit$$0000001F)
    .ARM.Collect$$libinit$$00000021          0x08000162   Section        0  libinit2.o(.ARM.Collect$$libinit$$00000021)
    .ARM.Collect$$libinit$$00000023          0x08000162   Section        0  libinit2.o(.ARM.Collect$$libinit$$00000023)
    .ARM.Collect$$libinit$$00000025          0x08000162   Section        0  libinit2.o(.ARM.Collect$$libinit$$00000025)
    .ARM.Collect$$libinit$$0000002C          0x08000162   Section        0  libinit2.o(.ARM.Collect$$libinit$$0000002C)
    .ARM.Collect$$libinit$$0000002E          0x08000162   Section        0  libinit2.o(.ARM.Collect$$libinit$$0000002E)
    .ARM.Collect$$libinit$$00000030          0x08000162   Section        0  libinit2.o(.ARM.Collect$$libinit$$00000030)
    .ARM.Collect$$libinit$$00000032          0x08000162   Section        0  libinit2.o(.ARM.Collect$$libinit$$00000032)
    .ARM.Collect$$libinit$$00000033          0x08000162   Section        2  libinit2.o(.ARM.Collect$$libinit$$00000033)
    .ARM.Collect$$libshutdown$$00000000      0x08000164   Section        2  libshutdown.o(.ARM.Collect$$libshutdown$$00000000)
    .ARM.Collect$$libshutdown$$00000002      0x08000166   Section        0  libshutdown2.o(.ARM.Collect$$libshutdown$$00000002)
    .ARM.Collect$$libshutdown$$00000004      0x08000166   Section        0  libshutdown2.o(.ARM.Collect$$libshutdown$$00000004)
    .ARM.Collect$$libshutdown$$00000007      0x08000166   Section        0  libshutdown2.o(.ARM.Collect$$libshutdown$$00000007)
    .ARM.Collect$$libshutdown$$0000000A      0x08000166   Section        0  libshutdown2.o(.ARM.Collect$$libshutdown$$0000000A)
    .ARM.Collect$$libshutdown$$0000000C      0x08000166   Section        0  libshutdown2.o(.ARM.Collect$$libshutdown$$0000000C)
    .ARM.Collect$$libshutdown$$0000000F      0x08000166   Section        0  libshutdown2.o(.ARM.Collect$$libshutdown$$0000000F)
    .ARM.Collect$$libshutdown$$00000010      0x08000166   Section        2  libshutdown2.o(.ARM.Collect$$libshutdown$$00000010)
    .ARM.Collect$$rtentry$$00000000          0x08000168   Section        0  __rtentry.o(.ARM.Collect$$rtentry$$00000000)
    .ARM.Collect$$rtentry$$00000002          0x08000168   Section        0  __rtentry2.o(.ARM.Collect$$rtentry$$00000002)
    .ARM.Collect$$rtentry$$00000004          0x08000168   Section        6  __rtentry4.o(.ARM.Collect$$rtentry$$00000004)
    .ARM.Collect$$rtentry$$00000009          0x0800016e   Section        0  __rtentry2.o(.ARM.Collect$$rtentry$$00000009)
    .ARM.Collect$$rtentry$$0000000A          0x0800016e   Section        4  __rtentry2.o(.ARM.Collect$$rtentry$$0000000A)
    .ARM.Collect$$rtentry$$0000000C          0x08000172   Section        0  __rtentry2.o(.ARM.Collect$$rtentry$$0000000C)
    .ARM.Collect$$rtentry$$0000000D          0x08000172   Section        8  __rtentry2.o(.ARM.Collect$$rtentry$$0000000D)
    .ARM.Collect$$rtexit$$00000000           0x0800017a   Section        2  rtexit.o(.ARM.Collect$$rtexit$$00000000)
    .ARM.Collect$$rtexit$$00000002           0x0800017c   Section        0  rtexit2.o(.ARM.Collect$$rtexit$$00000002)
    .ARM.Collect$$rtexit$$00000003           0x0800017c   Section        4  rtexit2.o(.ARM.Collect$$rtexit$$00000003)
    .ARM.Collect$$rtexit$$00000004           0x08000180   Section        6  rtexit2.o(.ARM.Collect$$rtexit$$00000004)
    .text                                    0x08000188   Section       56  startup_stm32l071xx.o(.text)
    .text                                    0x080001c0   Section        2  use_no_semi_2.o(.text)
    .text                                    0x080001c2   Section        0  lludiv.o(.text)
    .text                                    0x080002c4   Section        0  noretval__2printf.o(.text)
    .text                                    0x080002e0   Section        0  _printf_pad.o(.text)
    .text                                    0x0800032e   Section        0  _printf_str.o(.text)
    .text                                    0x08000380   Section        0  _printf_dec.o(.text)
    .text                                    0x080003ec   Section        0  _printf_hex_int.o(.text)
    .text                                    0x08000444   Section        0  __printf_flags_wp.o(.text)
    .text                                    0x0800057c   Section        0  rt_memclr.o(.text)
    .text                                    0x080005bc   Section      346  aeabi_sdiv.o(.text)
    .text                                    0x08000716   Section        0  heapauxi.o(.text)
    .text                                    0x0800071c   Section        2  use_no_semi.o(.text)
    .text                                    0x0800071e   Section        0  _printf_intcommon.o(.text)
    .text                                    0x080007ce   Section        0  _printf_char.o(.text)
    .text                                    0x080007fc   Section        0  _printf_char_file.o(.text)
    .text                                    0x08000824   Section        0  rtudiv10.o(.text)
    .text                                    0x0800084c   Section        0  _printf_char_common.o(.text)
    _printf_input_char                       0x0800084d   Thumb Code    10  _printf_char_common.o(.text)
    .text                                    0x0800087c   Section        0  ferror.o(.text)
    .text                                    0x08000884   Section       62  sys_stackheap_outer.o(.text)
    .text                                    0x080008c2   Section        0  exit.o(.text)
    .text                                    0x080008d4   Section        8  libspace.o(.text)
    i.DMA1_Channel2_3_IRQHandler             0x080008dc   Section        0  stm32l0xx_it.o(i.DMA1_Channel2_3_IRQHandler)
    i.Error_Handler                          0x080008f4   Section        0  main.o(i.Error_Handler)
    i.HAL_DMA_Abort                          0x080008f8   Section        0  stm32l0xx_hal_dma.o(i.HAL_DMA_Abort)
    i.HAL_DMA_Abort_IT                       0x0800093c   Section        0  stm32l0xx_hal_dma.o(i.HAL_DMA_Abort_IT)
    i.HAL_DMA_IRQHandler                     0x08000988   Section        0  stm32l0xx_hal_dma.o(i.HAL_DMA_IRQHandler)
    i.HAL_DMA_Init                           0x08000a30   Section        0  stm32l0xx_hal_dma.o(i.HAL_DMA_Init)
    i.HAL_Delay                              0x08000ac0   Section        0  stm32l0xx_hal.o(i.HAL_Delay)
    i.HAL_GPIO_Init                          0x08000ae4   Section        0  stm32l0xx_hal_gpio.o(i.HAL_GPIO_Init)
    i.HAL_GPIO_WritePin                      0x08000ca0   Section        0  stm32l0xx_hal_gpio.o(i.HAL_GPIO_WritePin)
    i.HAL_GetTick                            0x08000cac   Section        0  stm32l0xx_hal.o(i.HAL_GetTick)
    i.HAL_I2CEx_ConfigAnalogFilter           0x08000cb8   Section        0  stm32l0xx_hal_i2c_ex.o(i.HAL_I2CEx_ConfigAnalogFilter)
    i.HAL_I2CEx_ConfigDigitalFilter          0x08000d02   Section        0  stm32l0xx_hal_i2c_ex.o(i.HAL_I2CEx_ConfigDigitalFilter)
    i.HAL_I2C_Init                           0x08000d4c   Section        0  stm32l0xx_hal_i2c.o(i.HAL_I2C_Init)
    i.HAL_I2C_MspInit                        0x08000e00   Section        0  i2c.o(i.HAL_I2C_MspInit)
    i.HAL_IncTick                            0x08000e60   Section        0  stm32l0xx_hal.o(i.HAL_IncTick)
    i.HAL_Init                               0x08000e70   Section        0  stm32l0xx_hal.o(i.HAL_Init)
    i.HAL_InitTick                           0x08000e98   Section        0  stm32l0xx_hal.o(i.HAL_InitTick)
    i.HAL_MspInit                            0x08000edc   Section        0  stm32l0xx_hal_msp.o(i.HAL_MspInit)
    i.HAL_NVIC_EnableIRQ                     0x08000ef4   Section        0  stm32l0xx_hal_cortex.o(i.HAL_NVIC_EnableIRQ)
    i.HAL_NVIC_SetPriority                   0x08000f0c   Section        0  stm32l0xx_hal_cortex.o(i.HAL_NVIC_SetPriority)
    i.HAL_RCCEx_PeriphCLKConfig              0x08000f14   Section        0  stm32l0xx_hal_rcc_ex.o(i.HAL_RCCEx_PeriphCLKConfig)
    i.HAL_RCC_ClockConfig                    0x0800108c   Section        0  stm32l0xx_hal_rcc.o(i.HAL_RCC_ClockConfig)
    i.HAL_RCC_GetPCLK1Freq                   0x08001228   Section        0  stm32l0xx_hal_rcc.o(i.HAL_RCC_GetPCLK1Freq)
    i.HAL_RCC_GetPCLK2Freq                   0x08001248   Section        0  stm32l0xx_hal_rcc.o(i.HAL_RCC_GetPCLK2Freq)
    i.HAL_RCC_GetSysClockFreq                0x08001268   Section        0  stm32l0xx_hal_rcc.o(i.HAL_RCC_GetSysClockFreq)
    i.HAL_RCC_OscConfig                      0x080012e0   Section        0  stm32l0xx_hal_rcc.o(i.HAL_RCC_OscConfig)
    i.HAL_SPI_Init                           0x08001712   Section        0  stm32l0xx_hal_spi.o(i.HAL_SPI_Init)
    i.HAL_SPI_MspInit                        0x080017c8   Section        0  spi.o(i.HAL_SPI_MspInit)
    i.HAL_SYSTICK_Config                     0x08001824   Section        0  stm32l0xx_hal_cortex.o(i.HAL_SYSTICK_Config)
    i.HAL_TIMEx_MasterConfigSynchronization  0x08001854   Section        0  stm32l0xx_hal_tim_ex.o(i.HAL_TIMEx_MasterConfigSynchronization)
    i.HAL_TIM_Base_Init                      0x080018b4   Section        0  stm32l0xx_hal_tim.o(i.HAL_TIM_Base_Init)
    i.HAL_TIM_Base_MspInit                   0x080018f4   Section        0  tim.o(i.HAL_TIM_Base_MspInit)
    i.HAL_TIM_ConfigClockSource              0x08001920   Section        0  stm32l0xx_hal_tim.o(i.HAL_TIM_ConfigClockSource)
    i.HAL_TIM_IC_CaptureCallback             0x080019fc   Section        0  stm32l0xx_hal_tim.o(i.HAL_TIM_IC_CaptureCallback)
    i.HAL_TIM_IRQHandler                     0x080019fe   Section        0  stm32l0xx_hal_tim.o(i.HAL_TIM_IRQHandler)
    i.HAL_TIM_MspPostInit                    0x08001b24   Section        0  tim.o(i.HAL_TIM_MspPostInit)
    i.HAL_TIM_OC_DelayElapsedCallback        0x08001b70   Section        0  stm32l0xx_hal_tim.o(i.HAL_TIM_OC_DelayElapsedCallback)
    i.HAL_TIM_PWM_ConfigChannel              0x08001b72   Section        0  stm32l0xx_hal_tim.o(i.HAL_TIM_PWM_ConfigChannel)
    i.HAL_TIM_PWM_Init                       0x08001c42   Section        0  stm32l0xx_hal_tim.o(i.HAL_TIM_PWM_Init)
    i.HAL_TIM_PWM_MspInit                    0x08001c80   Section        0  stm32l0xx_hal_tim.o(i.HAL_TIM_PWM_MspInit)
    i.HAL_TIM_PWM_PulseFinishedCallback      0x08001c82   Section        0  stm32l0xx_hal_tim.o(i.HAL_TIM_PWM_PulseFinishedCallback)
    i.HAL_TIM_PeriodElapsedCallback          0x08001c84   Section        0  stm32l0xx_hal_tim.o(i.HAL_TIM_PeriodElapsedCallback)
    i.HAL_TIM_TriggerCallback                0x08001c86   Section        0  stm32l0xx_hal_tim.o(i.HAL_TIM_TriggerCallback)
    i.HAL_UARTEx_RxEventCallback             0x08001c88   Section        0  stm32l0xx_hal_uart.o(i.HAL_UARTEx_RxEventCallback)
    i.HAL_UARTEx_WakeupCallback              0x08001c8a   Section        0  stm32l0xx_hal_uart_ex.o(i.HAL_UARTEx_WakeupCallback)
    i.HAL_UART_ErrorCallback                 0x08001c8c   Section        0  stm32l0xx_hal_uart.o(i.HAL_UART_ErrorCallback)
    i.HAL_UART_IRQHandler                    0x08001c90   Section        0  stm32l0xx_hal_uart.o(i.HAL_UART_IRQHandler)
    i.HAL_UART_Init                          0x08001f34   Section        0  stm32l0xx_hal_uart.o(i.HAL_UART_Init)
    i.HAL_UART_MspInit                       0x08001fa0   Section        0  usart.o(i.HAL_UART_MspInit)
    i.HAL_UART_Receive_IT                    0x080020f8   Section        0  stm32l0xx_hal_uart.o(i.HAL_UART_Receive_IT)
    i.HAL_UART_RxCpltCallback                0x08002168   Section        0  modbus_test.o(i.HAL_UART_RxCpltCallback)
    i.HAL_UART_Transmit                      0x0800219c   Section        0  stm32l0xx_hal_uart.o(i.HAL_UART_Transmit)
    i.HAL_UART_TxCpltCallback                0x0800226e   Section        0  stm32l0xx_hal_uart.o(i.HAL_UART_TxCpltCallback)
    i.HardFault_Handler                      0x08002270   Section        0  stm32l0xx_it.o(i.HardFault_Handler)
    i.LPUART1_IRQHandler                     0x08002274   Section        0  stm32l0xx_it.o(i.LPUART1_IRQHandler)
    i.MX_DMA_Init                            0x08002284   Section        0  dma.o(i.MX_DMA_Init)
    i.MX_GPIO_Init                           0x080022ac   Section        0  gpio.o(i.MX_GPIO_Init)
    i.MX_I2C1_Init                           0x08002324   Section        0  i2c.o(i.MX_I2C1_Init)
    i.MX_LPUART1_UART_Init                   0x0800237c   Section        0  usart.o(i.MX_LPUART1_UART_Init)
    i.MX_SPI2_Init                           0x080023b4   Section        0  spi.o(i.MX_SPI2_Init)
    i.MX_TIM2_Init                           0x080023f4   Section        0  tim.o(i.MX_TIM2_Init)
    i.MX_USART1_UART_Init                    0x080024b8   Section        0  usart.o(i.MX_USART1_UART_Init)
    i.MX_USART4_UART_Init                    0x080024f0   Section        0  usart.o(i.MX_USART4_UART_Init)
    i.NMI_Handler                            0x08002528   Section        0  stm32l0xx_it.o(i.NMI_Handler)
    i.PendSV_Handler                         0x0800252a   Section        0  stm32l0xx_it.o(i.PendSV_Handler)
    i.SVC_Handler                            0x0800252c   Section        0  stm32l0xx_it.o(i.SVC_Handler)
    i.SysTick_Handler                        0x0800252e   Section        0  stm32l0xx_it.o(i.SysTick_Handler)
    i.SystemClock_Config                     0x08002538   Section        0  main.o(i.SystemClock_Config)
    i.SystemInit                             0x080025cc   Section        0  system_stm32l0xx.o(i.SystemInit)
    i.TIM2_IRQHandler                        0x080025d0   Section        0  stm32l0xx_it.o(i.TIM2_IRQHandler)
    i.TIM_Base_SetConfig                     0x080025e0   Section        0  stm32l0xx_hal_tim.o(i.TIM_Base_SetConfig)
    TIM_Base_SetConfig                       0x080025e1   Thumb Code    90  stm32l0xx_hal_tim.o(i.TIM_Base_SetConfig)
    i.TIM_ETR_SetConfig                      0x08002648   Section        0  stm32l0xx_hal_tim.o(i.TIM_ETR_SetConfig)
    TIM_ETR_SetConfig                        0x08002649   Thumb Code    22  stm32l0xx_hal_tim.o(i.TIM_ETR_SetConfig)
    i.TIM_ITRx_SetConfig                     0x0800265e   Section        0  stm32l0xx_hal_tim.o(i.TIM_ITRx_SetConfig)
    TIM_ITRx_SetConfig                       0x0800265f   Thumb Code    16  stm32l0xx_hal_tim.o(i.TIM_ITRx_SetConfig)
    i.TIM_OC1_SetConfig                      0x0800266e   Section        0  stm32l0xx_hal_tim.o(i.TIM_OC1_SetConfig)
    TIM_OC1_SetConfig                        0x0800266f   Thumb Code    48  stm32l0xx_hal_tim.o(i.TIM_OC1_SetConfig)
    i.TIM_OC2_SetConfig                      0x0800269e   Section        0  stm32l0xx_hal_tim.o(i.TIM_OC2_SetConfig)
    TIM_OC2_SetConfig                        0x0800269f   Thumb Code    50  stm32l0xx_hal_tim.o(i.TIM_OC2_SetConfig)
    i.TIM_OC3_SetConfig                      0x080026d0   Section        0  stm32l0xx_hal_tim.o(i.TIM_OC3_SetConfig)
    TIM_OC3_SetConfig                        0x080026d1   Thumb Code    54  stm32l0xx_hal_tim.o(i.TIM_OC3_SetConfig)
    i.TIM_OC4_SetConfig                      0x08002706   Section        0  stm32l0xx_hal_tim.o(i.TIM_OC4_SetConfig)
    TIM_OC4_SetConfig                        0x08002707   Thumb Code    54  stm32l0xx_hal_tim.o(i.TIM_OC4_SetConfig)
    i.TIM_TI1_ConfigInputStage               0x0800273c   Section        0  stm32l0xx_hal_tim.o(i.TIM_TI1_ConfigInputStage)
    TIM_TI1_ConfigInputStage                 0x0800273d   Thumb Code    34  stm32l0xx_hal_tim.o(i.TIM_TI1_ConfigInputStage)
    i.TIM_TI2_ConfigInputStage               0x0800275e   Section        0  stm32l0xx_hal_tim.o(i.TIM_TI2_ConfigInputStage)
    TIM_TI2_ConfigInputStage                 0x0800275f   Thumb Code    38  stm32l0xx_hal_tim.o(i.TIM_TI2_ConfigInputStage)
    i.UART_AdvFeatureConfig                  0x08002784   Section        0  stm32l0xx_hal_uart.o(i.UART_AdvFeatureConfig)
    i.UART_CheckIdleState                    0x08002850   Section        0  stm32l0xx_hal_uart.o(i.UART_CheckIdleState)
    i.UART_DMAAbortOnError                   0x080028b4   Section        0  stm32l0xx_hal_uart.o(i.UART_DMAAbortOnError)
    UART_DMAAbortOnError                     0x080028b5   Thumb Code    20  stm32l0xx_hal_uart.o(i.UART_DMAAbortOnError)
    i.UART_EndRxTransfer                     0x080028c8   Section        0  stm32l0xx_hal_uart.o(i.UART_EndRxTransfer)
    UART_EndRxTransfer                       0x080028c9   Thumb Code    94  stm32l0xx_hal_uart.o(i.UART_EndRxTransfer)
    i.UART_RxISR_16BIT                       0x08002926   Section        0  stm32l0xx_hal_uart.o(i.UART_RxISR_16BIT)
    UART_RxISR_16BIT                         0x08002927   Thumb Code   168  stm32l0xx_hal_uart.o(i.UART_RxISR_16BIT)
    i.UART_RxISR_8BIT                        0x080029ce   Section        0  stm32l0xx_hal_uart.o(i.UART_RxISR_8BIT)
    UART_RxISR_8BIT                          0x080029cf   Thumb Code   168  stm32l0xx_hal_uart.o(i.UART_RxISR_8BIT)
    i.UART_SetConfig                         0x08002a78   Section        0  stm32l0xx_hal_uart.o(i.UART_SetConfig)
    i.UART_Start_Receive_IT                  0x08002c8c   Section        0  stm32l0xx_hal_uart.o(i.UART_Start_Receive_IT)
    i.UART_WaitOnFlagUntilTimeout            0x08002d40   Section        0  stm32l0xx_hal_uart.o(i.UART_WaitOnFlagUntilTimeout)
    i.USART4_5_IRQHandler                    0x08002e14   Section        0  stm32l0xx_it.o(i.USART4_5_IRQHandler)
    i.__ARM_common_ll_muluu                  0x08002e24   Section        0  stm32l0xx_hal_rcc.o(i.__ARM_common_ll_muluu)
    i.__ARM_common_switch8                   0x08002e54   Section        0  stm32l0xx_hal_dma.o(i.__ARM_common_switch8)
    i.__NVIC_SetPriority                     0x08002e70   Section        0  stm32l0xx_hal_cortex.o(i.__NVIC_SetPriority)
    __NVIC_SetPriority                       0x08002e71   Thumb Code    60  stm32l0xx_hal_cortex.o(i.__NVIC_SetPriority)
    i._is_digit                              0x08002eb4   Section        0  __printf_wp.o(i._is_digit)
    i._sys_exit                              0x08002ec2   Section        0  main.o(i._sys_exit)
    i.clear_buffer                           0x08002ec4   Section        0  modbus_test.o(i.clear_buffer)
    i.detect_thermokon_sensor                0x08002ed4   Section        0  modbus_test.o(i.detect_thermokon_sensor)
    i.fputc                                  0x08002fe0   Section        0  main.o(i.fputc)
    i.main                                   0x08002ffc   Section        0  main.o(i.main)
    i.modbus_calculateCrc                    0x08003048   Section        0  modbus_test.o(i.modbus_calculateCrc)
    i.modbus_read_registers                  0x0800309c   Section        0  modbus_test.o(i.modbus_read_registers)
    i.reflect_byte                           0x08003228   Section        0  modbus_test.o(i.reflect_byte)
    i.string_output                          0x0800324c   Section        0  modbus_test.o(i.string_output)
    .constdata                               0x08003348   Section       25  system_stm32l0xx.o(.constdata)
    .constdata                               0x08003361   Section        8  system_stm32l0xx.o(.constdata)
    .constdata                               0x08003369   Section       40  _printf_hex_int.o(.constdata)
    uc_hextab                                0x08003369   Data          20  _printf_hex_int.o(.constdata)
    lc_hextab                                0x0800337d   Data          20  _printf_hex_int.o(.constdata)
    .constdata                               0x08003391   Section       17  __printf_flags_wp.o(.constdata)
    maptable                                 0x08003391   Data          17  __printf_flags_wp.o(.constdata)
    .data                                    0x20000000   Section        4  main.o(.data)
    .data                                    0x20000004   Section       12  stm32l0xx_hal.o(.data)
    .data                                    0x20000010   Section        4  system_stm32l0xx.o(.data)
    .data                                    0x20000014   Section        2  modbus_test.o(.data)
    current_index                            0x20000014   Data           1  modbus_test.o(.data)
    rx_chr                                   0x20000015   Data           1  modbus_test.o(.data)
    .bss                                     0x20000018   Section       76  i2c.o(.bss)
    .bss                                     0x20000064   Section      540  usart.o(.bss)
    .bss                                     0x20000280   Section       88  spi.o(.bss)
    .bss                                     0x200002d8   Section       64  tim.o(.bss)
    .bss                                     0x20000318   Section       16  modbus_test.o(.bss)
    rx_buffer                                0x20000318   Data          16  modbus_test.o(.bss)
    .bss                                     0x20000328   Section       96  libspace.o(.bss)
    HEAP                                     0x20000388   Section      512  startup_stm32l071xx.o(HEAP)
    Heap_Mem                                 0x20000388   Data         512  startup_stm32l071xx.o(HEAP)
    STACK                                    0x20000588   Section     1024  startup_stm32l071xx.o(STACK)
    Stack_Mem                                0x20000588   Data        1024  startup_stm32l071xx.o(STACK)
    __initial_sp                             0x20000988   Data           0  startup_stm32l071xx.o(STACK)

    Global Symbols

    Symbol Name                              Value     Ov Type        Size  Object(Section)

    BuildAttributes$$THM_ISAv3M$S$PE$A:L22$X:L11$S22$IEEE1$IW$USESV6$~STKCKD$USESV7$~SHL$OSPACE$ROPI$EBA8$UX$STANDARDLIB$REQ8$PRES8$EABIv2 0x00000000   Number         0  anon$$obj.o ABSOLUTE
    __ARM_use_no_argv                        0x00000000   Number         0  main.o ABSOLUTE
    _printf_flags                            0x00000000   Number         0  printf_stubs.o ABSOLUTE
    _printf_return_value                     0x00000000   Number         0  printf_stubs.o ABSOLUTE
    _printf_sizespec                         0x00000000   Number         0  printf_stubs.o ABSOLUTE
    _printf_widthprec                        0x00000000   Number         0  printf_stubs.o ABSOLUTE
    __ARM_exceptions_init                     - Undefined Weak Reference
    __alloca_initialize                       - Undefined Weak Reference
    __arm_preinit_                            - Undefined Weak Reference
    __cpp_initialize__aeabi_                  - Undefined Weak Reference
    __cxa_finalize                            - Undefined Weak Reference
    __rt_locale                               - Undefined Weak Reference
    __sigvec_lookup                           - Undefined Weak Reference
    _atexit_init                              - Undefined Weak Reference
    _call_atexit_fns                          - Undefined Weak Reference
    _clock_init                               - Undefined Weak Reference
    _fp_trap_init                             - Undefined Weak Reference
    _fp_trap_shutdown                         - Undefined Weak Reference
    _get_lc_collate                           - Undefined Weak Reference
    _get_lc_ctype                             - Undefined Weak Reference
    _get_lc_monetary                          - Undefined Weak Reference
    _get_lc_numeric                           - Undefined Weak Reference
    _get_lc_time                              - Undefined Weak Reference
    _getenv_init                              - Undefined Weak Reference
    _handle_redirection                       - Undefined Weak Reference
    _init_alloc                               - Undefined Weak Reference
    _init_user_alloc                          - Undefined Weak Reference
    _initio                                   - Undefined Weak Reference
    _mutex_acquire                            - Undefined Weak Reference
    _mutex_release                            - Undefined Weak Reference
    _printf_mbtowc                            - Undefined Weak Reference
    _printf_truncate_signed                   - Undefined Weak Reference
    _printf_truncate_unsigned                 - Undefined Weak Reference
    _rand_init                                - Undefined Weak Reference
    _signal_finish                            - Undefined Weak Reference
    _signal_init                              - Undefined Weak Reference
    _terminate_alloc                          - Undefined Weak Reference
    _terminate_user_alloc                     - Undefined Weak Reference
    _terminateio                              - Undefined Weak Reference
    __Vectors_Size                           0x000000c0   Number         0  startup_stm32l071xx.o ABSOLUTE
    __Vectors                                0x08000000   Data           4  startup_stm32l071xx.o(RESET)
    __Vectors_End                            0x080000c0   Data           0  startup_stm32l071xx.o(RESET)
    __main                                   0x080000c1   Thumb Code     8  __main.o(!!!main)
    __scatterload                            0x080000c9   Thumb Code     0  __scatter.o(!!!scatter)
    __scatterload_rt2                        0x080000c9   Thumb Code    52  __scatter.o(!!!scatter)
    __scatterload_rt2_thumb_only             0x080000c9   Thumb Code     0  __scatter.o(!!!scatter)
    __scatterload_null                       0x080000d9   Thumb Code     0  __scatter.o(!!!scatter)
    __scatterload_copy                       0x08000105   Thumb Code    26  __scatter_copy.o(!!handler_copy)
    __scatterload_zeroinit                   0x08000121   Thumb Code    28  __scatter_zi.o(!!handler_zi)
    _printf_percent                          0x0800013d   Thumb Code     0  _printf_percent.o(.ARM.Collect$$_printf_percent$$00000000)
    _printf_d                                0x0800013f   Thumb Code     0  _printf_d.o(.ARM.Collect$$_printf_percent$$00000009)
    _printf_x                                0x08000149   Thumb Code     0  _printf_x.o(.ARM.Collect$$_printf_percent$$0000000C)
    _printf_s                                0x08000153   Thumb Code     0  _printf_s.o(.ARM.Collect$$_printf_percent$$00000014)
    _printf_percent_end                      0x0800015d   Thumb Code     0  _printf_percent_end.o(.ARM.Collect$$_printf_percent$$00000017)
    __rt_lib_init                            0x08000161   Thumb Code     0  libinit.o(.ARM.Collect$$libinit$$00000000)
    __rt_lib_init_alloca_1                   0x08000163   Thumb Code     0  libinit2.o(.ARM.Collect$$libinit$$0000002E)
    __rt_lib_init_argv_1                     0x08000163   Thumb Code     0  libinit2.o(.ARM.Collect$$libinit$$0000002C)
    __rt_lib_init_atexit_1                   0x08000163   Thumb Code     0  libinit2.o(.ARM.Collect$$libinit$$0000001B)
    __rt_lib_init_clock_1                    0x08000163   Thumb Code     0  libinit2.o(.ARM.Collect$$libinit$$00000021)
    __rt_lib_init_cpp_1                      0x08000163   Thumb Code     0  libinit2.o(.ARM.Collect$$libinit$$00000032)
    __rt_lib_init_exceptions_1               0x08000163   Thumb Code     0  libinit2.o(.ARM.Collect$$libinit$$00000030)
    __rt_lib_init_fp_1                       0x08000163   Thumb Code     0  libinit2.o(.ARM.Collect$$libinit$$00000002)
    __rt_lib_init_fp_trap_1                  0x08000163   Thumb Code     0  libinit2.o(.ARM.Collect$$libinit$$0000001F)
    __rt_lib_init_getenv_1                   0x08000163   Thumb Code     0  libinit2.o(.ARM.Collect$$libinit$$00000023)
    __rt_lib_init_heap_1                     0x08000163   Thumb Code     0  libinit2.o(.ARM.Collect$$libinit$$0000000A)
    __rt_lib_init_lc_collate_1               0x08000163   Thumb Code     0  libinit2.o(.ARM.Collect$$libinit$$00000011)
    __rt_lib_init_lc_ctype_1                 0x08000163   Thumb Code     0  libinit2.o(.ARM.Collect$$libinit$$00000013)
    __rt_lib_init_lc_monetary_1              0x08000163   Thumb Code     0  libinit2.o(.ARM.Collect$$libinit$$00000015)
    __rt_lib_init_lc_numeric_1               0x08000163   Thumb Code     0  libinit2.o(.ARM.Collect$$libinit$$00000017)
    __rt_lib_init_lc_time_1                  0x08000163   Thumb Code     0  libinit2.o(.ARM.Collect$$libinit$$00000019)
    __rt_lib_init_preinit_1                  0x08000163   Thumb Code     0  libinit2.o(.ARM.Collect$$libinit$$00000004)
    __rt_lib_init_rand_1                     0x08000163   Thumb Code     0  libinit2.o(.ARM.Collect$$libinit$$0000000E)
    __rt_lib_init_return                     0x08000163   Thumb Code     0  libinit2.o(.ARM.Collect$$libinit$$00000033)
    __rt_lib_init_signal_1                   0x08000163   Thumb Code     0  libinit2.o(.ARM.Collect$$libinit$$0000001D)
    __rt_lib_init_stdio_1                    0x08000163   Thumb Code     0  libinit2.o(.ARM.Collect$$libinit$$00000025)
    __rt_lib_init_user_alloc_1               0x08000163   Thumb Code     0  libinit2.o(.ARM.Collect$$libinit$$0000000C)
    __rt_lib_shutdown                        0x08000165   Thumb Code     0  libshutdown.o(.ARM.Collect$$libshutdown$$00000000)
    __rt_lib_shutdown_cpp_1                  0x08000167   Thumb Code     0  libshutdown2.o(.ARM.Collect$$libshutdown$$00000002)
    __rt_lib_shutdown_fp_trap_1              0x08000167   Thumb Code     0  libshutdown2.o(.ARM.Collect$$libshutdown$$00000007)
    __rt_lib_shutdown_heap_1                 0x08000167   Thumb Code     0  libshutdown2.o(.ARM.Collect$$libshutdown$$0000000F)
    __rt_lib_shutdown_return                 0x08000167   Thumb Code     0  libshutdown2.o(.ARM.Collect$$libshutdown$$00000010)
    __rt_lib_shutdown_signal_1               0x08000167   Thumb Code     0  libshutdown2.o(.ARM.Collect$$libshutdown$$0000000A)
    __rt_lib_shutdown_stdio_1                0x08000167   Thumb Code     0  libshutdown2.o(.ARM.Collect$$libshutdown$$00000004)
    __rt_lib_shutdown_user_alloc_1           0x08000167   Thumb Code     0  libshutdown2.o(.ARM.Collect$$libshutdown$$0000000C)
    __rt_entry                               0x08000169   Thumb Code     0  __rtentry.o(.ARM.Collect$$rtentry$$00000000)
    __rt_entry_presh_1                       0x08000169   Thumb Code     0  __rtentry2.o(.ARM.Collect$$rtentry$$00000002)
    __rt_entry_sh                            0x08000169   Thumb Code     0  __rtentry4.o(.ARM.Collect$$rtentry$$00000004)
    __rt_entry_li                            0x0800016f   Thumb Code     0  __rtentry2.o(.ARM.Collect$$rtentry$$0000000A)
    __rt_entry_postsh_1                      0x0800016f   Thumb Code     0  __rtentry2.o(.ARM.Collect$$rtentry$$00000009)
    __rt_entry_main                          0x08000173   Thumb Code     0  __rtentry2.o(.ARM.Collect$$rtentry$$0000000D)
    __rt_entry_postli_1                      0x08000173   Thumb Code     0  __rtentry2.o(.ARM.Collect$$rtentry$$0000000C)
    __rt_exit                                0x0800017b   Thumb Code     0  rtexit.o(.ARM.Collect$$rtexit$$00000000)
    __rt_exit_ls                             0x0800017d   Thumb Code     0  rtexit2.o(.ARM.Collect$$rtexit$$00000003)
    __rt_exit_prels_1                        0x0800017d   Thumb Code     0  rtexit2.o(.ARM.Collect$$rtexit$$00000002)
    __rt_exit_exit                           0x08000181   Thumb Code     0  rtexit2.o(.ARM.Collect$$rtexit$$00000004)
    Reset_Handler                            0x08000189   Thumb Code     8  startup_stm32l071xx.o(.text)
    ADC1_COMP_IRQHandler                     0x0800019b   Thumb Code     0  startup_stm32l071xx.o(.text)
    DMA1_Channel1_IRQHandler                 0x0800019b   Thumb Code     0  startup_stm32l071xx.o(.text)
    DMA1_Channel4_5_6_7_IRQHandler           0x0800019b   Thumb Code     0  startup_stm32l071xx.o(.text)
    EXTI0_1_IRQHandler                       0x0800019b   Thumb Code     0  startup_stm32l071xx.o(.text)
    EXTI2_3_IRQHandler                       0x0800019b   Thumb Code     0  startup_stm32l071xx.o(.text)
    EXTI4_15_IRQHandler                      0x0800019b   Thumb Code     0  startup_stm32l071xx.o(.text)
    FLASH_IRQHandler                         0x0800019b   Thumb Code     0  startup_stm32l071xx.o(.text)
    I2C1_IRQHandler                          0x0800019b   Thumb Code     0  startup_stm32l071xx.o(.text)
    I2C2_IRQHandler                          0x0800019b   Thumb Code     0  startup_stm32l071xx.o(.text)
    I2C3_IRQHandler                          0x0800019b   Thumb Code     0  startup_stm32l071xx.o(.text)
    LPTIM1_IRQHandler                        0x0800019b   Thumb Code     0  startup_stm32l071xx.o(.text)
    PVD_IRQHandler                           0x0800019b   Thumb Code     0  startup_stm32l071xx.o(.text)
    RCC_IRQHandler                           0x0800019b   Thumb Code     0  startup_stm32l071xx.o(.text)
    RTC_IRQHandler                           0x0800019b   Thumb Code     0  startup_stm32l071xx.o(.text)
    SPI1_IRQHandler                          0x0800019b   Thumb Code     0  startup_stm32l071xx.o(.text)
    SPI2_IRQHandler                          0x0800019b   Thumb Code     0  startup_stm32l071xx.o(.text)
    TIM21_IRQHandler                         0x0800019b   Thumb Code     0  startup_stm32l071xx.o(.text)
    TIM22_IRQHandler                         0x0800019b   Thumb Code     0  startup_stm32l071xx.o(.text)
    TIM3_IRQHandler                          0x0800019b   Thumb Code     0  startup_stm32l071xx.o(.text)
    TIM6_IRQHandler                          0x0800019b   Thumb Code     0  startup_stm32l071xx.o(.text)
    TIM7_IRQHandler                          0x0800019b   Thumb Code     0  startup_stm32l071xx.o(.text)
    USART1_IRQHandler                        0x0800019b   Thumb Code     0  startup_stm32l071xx.o(.text)
    USART2_IRQHandler                        0x0800019b   Thumb Code     0  startup_stm32l071xx.o(.text)
    WWDG_IRQHandler                          0x0800019b   Thumb Code     0  startup_stm32l071xx.o(.text)
    __user_initial_stackheap                 0x0800019d   Thumb Code     0  startup_stm32l071xx.o(.text)
    __use_no_semihosting                     0x080001c1   Thumb Code     2  use_no_semi_2.o(.text)
    __aeabi_uldivmod                         0x080001c3   Thumb Code   258  lludiv.o(.text)
    _ll_udiv                                 0x080001c3   Thumb Code     0  lludiv.o(.text)
    __2printf                                0x080002c5   Thumb Code    22  noretval__2printf.o(.text)
    _printf_pre_padding                      0x080002e1   Thumb Code    44  _printf_pad.o(.text)
    _printf_post_padding                     0x0800030d   Thumb Code    34  _printf_pad.o(.text)
    _printf_str                              0x0800032f   Thumb Code    82  _printf_str.o(.text)
    _printf_int_dec                          0x08000381   Thumb Code    90  _printf_dec.o(.text)
    _printf_int_hex                          0x080003ed   Thumb Code    84  _printf_hex_int.o(.text)
    _printf_longlong_hex                     0x080003ed   Thumb Code     0  _printf_hex_int.o(.text)
    __printf                                 0x08000445   Thumb Code   306  __printf_flags_wp.o(.text)
    _memset_w                                0x0800057d   Thumb Code    26  rt_memclr.o(.text)
    _memset                                  0x08000597   Thumb Code    30  rt_memclr.o(.text)
    __aeabi_memclr                           0x080005b5   Thumb Code     4  rt_memclr.o(.text)
    __rt_memclr                              0x080005b5   Thumb Code     0  rt_memclr.o(.text)
    __aeabi_memclr4                          0x080005b9   Thumb Code     0  rt_memclr.o(.text)
    __aeabi_memclr8                          0x080005b9   Thumb Code     0  rt_memclr.o(.text)
    __rt_memclr_w                            0x080005b9   Thumb Code     4  rt_memclr.o(.text)
    __aeabi_uidiv                            0x080005bd   Thumb Code     0  aeabi_sdiv.o(.text)
    __aeabi_uidivmod                         0x080005bd   Thumb Code    20  aeabi_sdiv.o(.text)
    __aeabi_idiv                             0x080005d1   Thumb Code     0  aeabi_sdiv.o(.text)
    __aeabi_idivmod                          0x080005d1   Thumb Code   326  aeabi_sdiv.o(.text)
    __use_two_region_memory                  0x08000717   Thumb Code     2  heapauxi.o(.text)
    __rt_heap_escrow$2region                 0x08000719   Thumb Code     2  heapauxi.o(.text)
    __rt_heap_expand$2region                 0x0800071b   Thumb Code     2  heapauxi.o(.text)
    __I$use$semihosting                      0x0800071d   Thumb Code     0  use_no_semi.o(.text)
    __use_no_semihosting_swi                 0x0800071d   Thumb Code     2  use_no_semi.o(.text)
    _printf_int_common                       0x0800071f   Thumb Code   176  _printf_intcommon.o(.text)
    _printf_cs_common                        0x080007cf   Thumb Code    22  _printf_char.o(.text)
    _printf_char                             0x080007e5   Thumb Code    16  _printf_char.o(.text)
    _printf_string                           0x080007f5   Thumb Code     8  _printf_char.o(.text)
    _printf_char_file                        0x080007fd   Thumb Code    34  _printf_char_file.o(.text)
    __rt_udiv10                              0x08000825   Thumb Code    40  rtudiv10.o(.text)
    _printf_char_common                      0x08000857   Thumb Code    32  _printf_char_common.o(.text)
    ferror                                   0x0800087d   Thumb Code     8  ferror.o(.text)
    __user_setup_stackheap                   0x08000885   Thumb Code    62  sys_stackheap_outer.o(.text)
    exit                                     0x080008c3   Thumb Code    16  exit.o(.text)
    __user_libspace                          0x080008d5   Thumb Code     8  libspace.o(.text)
    __user_perproc_libspace                  0x080008d5   Thumb Code     0  libspace.o(.text)
    __user_perthread_libspace                0x080008d5   Thumb Code     0  libspace.o(.text)
    DMA1_Channel2_3_IRQHandler               0x080008dd   Thumb Code    16  stm32l0xx_it.o(i.DMA1_Channel2_3_IRQHandler)
    Error_Handler                            0x080008f5   Thumb Code     4  main.o(i.Error_Handler)
    HAL_DMA_Abort                            0x080008f9   Thumb Code    68  stm32l0xx_hal_dma.o(i.HAL_DMA_Abort)
    HAL_DMA_Abort_IT                         0x0800093d   Thumb Code    76  stm32l0xx_hal_dma.o(i.HAL_DMA_Abort_IT)
    HAL_DMA_IRQHandler                       0x08000989   Thumb Code   168  stm32l0xx_hal_dma.o(i.HAL_DMA_IRQHandler)
    HAL_DMA_Init                             0x08000a31   Thumb Code   132  stm32l0xx_hal_dma.o(i.HAL_DMA_Init)
    HAL_Delay                                0x08000ac1   Thumb Code    32  stm32l0xx_hal.o(i.HAL_Delay)
    HAL_GPIO_Init                            0x08000ae5   Thumb Code   412  stm32l0xx_hal_gpio.o(i.HAL_GPIO_Init)
    HAL_GPIO_WritePin                        0x08000ca1   Thumb Code    12  stm32l0xx_hal_gpio.o(i.HAL_GPIO_WritePin)
    HAL_GetTick                              0x08000cad   Thumb Code     6  stm32l0xx_hal.o(i.HAL_GetTick)
    HAL_I2CEx_ConfigAnalogFilter             0x08000cb9   Thumb Code    74  stm32l0xx_hal_i2c_ex.o(i.HAL_I2CEx_ConfigAnalogFilter)
    HAL_I2CEx_ConfigDigitalFilter            0x08000d03   Thumb Code    72  stm32l0xx_hal_i2c_ex.o(i.HAL_I2CEx_ConfigDigitalFilter)
    HAL_I2C_Init                             0x08000d4d   Thumb Code   176  stm32l0xx_hal_i2c.o(i.HAL_I2C_Init)
    HAL_I2C_MspInit                          0x08000e01   Thumb Code    82  i2c.o(i.HAL_I2C_MspInit)
    HAL_IncTick                              0x08000e61   Thumb Code    12  stm32l0xx_hal.o(i.HAL_IncTick)
    HAL_Init                                 0x08000e71   Thumb Code    36  stm32l0xx_hal.o(i.HAL_Init)
    HAL_InitTick                             0x08000e99   Thumb Code    58  stm32l0xx_hal.o(i.HAL_InitTick)
    HAL_MspInit                              0x08000edd   Thumb Code    20  stm32l0xx_hal_msp.o(i.HAL_MspInit)
    HAL_NVIC_EnableIRQ                       0x08000ef5   Thumb Code    18  stm32l0xx_hal_cortex.o(i.HAL_NVIC_EnableIRQ)
    HAL_NVIC_SetPriority                     0x08000f0d   Thumb Code     8  stm32l0xx_hal_cortex.o(i.HAL_NVIC_SetPriority)
    HAL_RCCEx_PeriphCLKConfig                0x08000f15   Thumb Code   362  stm32l0xx_hal_rcc_ex.o(i.HAL_RCCEx_PeriphCLKConfig)
    HAL_RCC_ClockConfig                      0x0800108d   Thumb Code   386  stm32l0xx_hal_rcc.o(i.HAL_RCC_ClockConfig)
    HAL_RCC_GetPCLK1Freq                     0x08001229   Thumb Code    20  stm32l0xx_hal_rcc.o(i.HAL_RCC_GetPCLK1Freq)
    HAL_RCC_GetPCLK2Freq                     0x08001249   Thumb Code    20  stm32l0xx_hal_rcc.o(i.HAL_RCC_GetPCLK2Freq)
    HAL_RCC_GetSysClockFreq                  0x08001269   Thumb Code   108  stm32l0xx_hal_rcc.o(i.HAL_RCC_GetSysClockFreq)
    HAL_RCC_OscConfig                        0x080012e1   Thumb Code  1074  stm32l0xx_hal_rcc.o(i.HAL_RCC_OscConfig)
    HAL_SPI_Init                             0x08001713   Thumb Code   182  stm32l0xx_hal_spi.o(i.HAL_SPI_Init)
    HAL_SPI_MspInit                          0x080017c9   Thumb Code    78  spi.o(i.HAL_SPI_MspInit)
    HAL_SYSTICK_Config                       0x08001825   Thumb Code    38  stm32l0xx_hal_cortex.o(i.HAL_SYSTICK_Config)
    HAL_TIMEx_MasterConfigSynchronization    0x08001855   Thumb Code    84  stm32l0xx_hal_tim_ex.o(i.HAL_TIMEx_MasterConfigSynchronization)
    HAL_TIM_Base_Init                        0x080018b5   Thumb Code    62  stm32l0xx_hal_tim.o(i.HAL_TIM_Base_Init)
    HAL_TIM_Base_MspInit                     0x080018f5   Thumb Code    40  tim.o(i.HAL_TIM_Base_MspInit)
    HAL_TIM_ConfigClockSource                0x08001921   Thumb Code   220  stm32l0xx_hal_tim.o(i.HAL_TIM_ConfigClockSource)
    HAL_TIM_IC_CaptureCallback               0x080019fd   Thumb Code     2  stm32l0xx_hal_tim.o(i.HAL_TIM_IC_CaptureCallback)
    HAL_TIM_IRQHandler                       0x080019ff   Thumb Code   294  stm32l0xx_hal_tim.o(i.HAL_TIM_IRQHandler)
    HAL_TIM_MspPostInit                      0x08001b25   Thumb Code    70  tim.o(i.HAL_TIM_MspPostInit)
    HAL_TIM_OC_DelayElapsedCallback          0x08001b71   Thumb Code     2  stm32l0xx_hal_tim.o(i.HAL_TIM_OC_DelayElapsedCallback)
    HAL_TIM_PWM_ConfigChannel                0x08001b73   Thumb Code   208  stm32l0xx_hal_tim.o(i.HAL_TIM_PWM_ConfigChannel)
    HAL_TIM_PWM_Init                         0x08001c43   Thumb Code    62  stm32l0xx_hal_tim.o(i.HAL_TIM_PWM_Init)
    HAL_TIM_PWM_MspInit                      0x08001c81   Thumb Code     2  stm32l0xx_hal_tim.o(i.HAL_TIM_PWM_MspInit)
    HAL_TIM_PWM_PulseFinishedCallback        0x08001c83   Thumb Code     2  stm32l0xx_hal_tim.o(i.HAL_TIM_PWM_PulseFinishedCallback)
    HAL_TIM_PeriodElapsedCallback            0x08001c85   Thumb Code     2  stm32l0xx_hal_tim.o(i.HAL_TIM_PeriodElapsedCallback)
    HAL_TIM_TriggerCallback                  0x08001c87   Thumb Code     2  stm32l0xx_hal_tim.o(i.HAL_TIM_TriggerCallback)
    HAL_UARTEx_RxEventCallback               0x08001c89   Thumb Code     2  stm32l0xx_hal_uart.o(i.HAL_UARTEx_RxEventCallback)
    HAL_UARTEx_WakeupCallback                0x08001c8b   Thumb Code     2  stm32l0xx_hal_uart_ex.o(i.HAL_UARTEx_WakeupCallback)
    HAL_UART_ErrorCallback                   0x08001c8d   Thumb Code     2  stm32l0xx_hal_uart.o(i.HAL_UART_ErrorCallback)
    HAL_UART_IRQHandler                      0x08001c91   Thumb Code   664  stm32l0xx_hal_uart.o(i.HAL_UART_IRQHandler)
    HAL_UART_Init                            0x08001f35   Thumb Code   106  stm32l0xx_hal_uart.o(i.HAL_UART_Init)
    HAL_UART_MspInit                         0x08001fa1   Thumb Code   310  usart.o(i.HAL_UART_MspInit)
    HAL_UART_Receive_IT                      0x080020f9   Thumb Code   106  stm32l0xx_hal_uart.o(i.HAL_UART_Receive_IT)
    HAL_UART_RxCpltCallback                  0x08002169   Thumb Code    36  modbus_test.o(i.HAL_UART_RxCpltCallback)
    HAL_UART_Transmit                        0x0800219d   Thumb Code   210  stm32l0xx_hal_uart.o(i.HAL_UART_Transmit)
    HAL_UART_TxCpltCallback                  0x0800226f   Thumb Code     2  stm32l0xx_hal_uart.o(i.HAL_UART_TxCpltCallback)
    HardFault_Handler                        0x08002271   Thumb Code     2  stm32l0xx_it.o(i.HardFault_Handler)
    LPUART1_IRQHandler                       0x08002275   Thumb Code    10  stm32l0xx_it.o(i.LPUART1_IRQHandler)
    MX_DMA_Init                              0x08002285   Thumb Code    36  dma.o(i.MX_DMA_Init)
    MX_GPIO_Init                             0x080022ad   Thumb Code   106  gpio.o(i.MX_GPIO_Init)
    MX_I2C1_Init                             0x08002325   Thumb Code    76  i2c.o(i.MX_I2C1_Init)
    MX_LPUART1_UART_Init                     0x0800237d   Thumb Code    46  usart.o(i.MX_LPUART1_UART_Init)
    MX_SPI2_Init                             0x080023b5   Thumb Code    56  spi.o(i.MX_SPI2_Init)
    MX_TIM2_Init                             0x080023f5   Thumb Code   188  tim.o(i.MX_TIM2_Init)
    MX_USART1_UART_Init                      0x080024b9   Thumb Code    48  usart.o(i.MX_USART1_UART_Init)
    MX_USART4_UART_Init                      0x080024f1   Thumb Code    48  usart.o(i.MX_USART4_UART_Init)
    NMI_Handler                              0x08002529   Thumb Code     2  stm32l0xx_it.o(i.NMI_Handler)
    PendSV_Handler                           0x0800252b   Thumb Code     2  stm32l0xx_it.o(i.PendSV_Handler)
    SVC_Handler                              0x0800252d   Thumb Code     2  stm32l0xx_it.o(i.SVC_Handler)
    SysTick_Handler                          0x0800252f   Thumb Code     8  stm32l0xx_it.o(i.SysTick_Handler)
    SystemClock_Config                       0x08002539   Thumb Code   142  main.o(i.SystemClock_Config)
    SystemInit                               0x080025cd   Thumb Code     2  system_stm32l0xx.o(i.SystemInit)
    TIM2_IRQHandler                          0x080025d1   Thumb Code    10  stm32l0xx_it.o(i.TIM2_IRQHandler)
    UART_AdvFeatureConfig                    0x08002785   Thumb Code   202  stm32l0xx_hal_uart.o(i.UART_AdvFeatureConfig)
    UART_CheckIdleState                      0x08002851   Thumb Code    94  stm32l0xx_hal_uart.o(i.UART_CheckIdleState)
    UART_SetConfig                           0x08002a79   Thumb Code   492  stm32l0xx_hal_uart.o(i.UART_SetConfig)
    UART_Start_Receive_IT                    0x08002c8d   Thumb Code   166  stm32l0xx_hal_uart.o(i.UART_Start_Receive_IT)
    UART_WaitOnFlagUntilTimeout              0x08002d41   Thumb Code   212  stm32l0xx_hal_uart.o(i.UART_WaitOnFlagUntilTimeout)
    USART4_5_IRQHandler                      0x08002e15   Thumb Code    10  stm32l0xx_it.o(i.USART4_5_IRQHandler)
    __ARM_common_ll_muluu                    0x08002e25   Thumb Code    48  stm32l0xx_hal_rcc.o(i.__ARM_common_ll_muluu)
    __ARM_common_switch8                     0x08002e55   Thumb Code    26  stm32l0xx_hal_dma.o(i.__ARM_common_switch8)
    _is_digit                                0x08002eb5   Thumb Code    14  __printf_wp.o(i._is_digit)
    _sys_exit                                0x08002ec3   Thumb Code     2  main.o(i._sys_exit)
    clear_buffer                             0x08002ec5   Thumb Code    16  modbus_test.o(i.clear_buffer)
    detect_thermokon_sensor                  0x08002ed5   Thumb Code   188  modbus_test.o(i.detect_thermokon_sensor)
    fputc                                    0x08002fe1   Thumb Code    18  main.o(i.fputc)
    main                                     0x08002ffd   Thumb Code    52  main.o(i.main)
    modbus_calculateCrc                      0x08003049   Thumb Code    76  modbus_test.o(i.modbus_calculateCrc)
    modbus_read_registers                    0x0800309d   Thumb Code   278  modbus_test.o(i.modbus_read_registers)
    reflect_byte                             0x08003229   Thumb Code    34  modbus_test.o(i.reflect_byte)
    string_output                            0x0800324d   Thumb Code    80  modbus_test.o(i.string_output)
    AHBPrescTable                            0x08003348   Data          16  system_stm32l0xx.o(.constdata)
    PLLMulTable                              0x08003358   Data           9  system_stm32l0xx.o(.constdata)
    APBPrescTable                            0x08003361   Data           8  system_stm32l0xx.o(.constdata)
    Region$$Table$$Base                      0x080033a4   Number         0  anon$$obj.o(Region$$Table)
    Region$$Table$$Limit                     0x080033c4   Number         0  anon$$obj.o(Region$$Table)
    __stdout                                 0x20000000   Data           4  main.o(.data)
    uwTickFreq                               0x20000004   Data           1  stm32l0xx_hal.o(.data)
    uwTickPrio                               0x20000008   Data           4  stm32l0xx_hal.o(.data)
    uwTick                                   0x2000000c   Data           4  stm32l0xx_hal.o(.data)
    SystemCoreClock                          0x20000010   Data           4  system_stm32l0xx.o(.data)
    hi2c1                                    0x20000018   Data          76  i2c.o(.bss)
    hlpuart1                                 0x20000064   Data         132  usart.o(.bss)
    huart1                                   0x200000e8   Data         132  usart.o(.bss)
    huart4                                   0x2000016c   Data         132  usart.o(.bss)
    hdma_usart4_rx                           0x200001f0   Data          72  usart.o(.bss)
    hdma_usart4_tx                           0x20000238   Data          72  usart.o(.bss)
    hspi2                                    0x20000280   Data          88  spi.o(.bss)
    htim2                                    0x200002d8   Data          64  tim.o(.bss)
    __libspace_start                         0x20000328   Data          96  libspace.o(.bss)
    __temporary_stack_top$libspace           0x20000388   Data           0  libspace.o(.bss)



==============================================================================

Memory Map of the image

  Image Entry point : 0x080000c1

  Load Region LR_IROM1 (Base: 0x08000000, Size: 0x000033dc, Max: 0x00030000, ABSOLUTE)

    Execution Region ER_IROM1 (Exec base: 0x08000000, Load base: 0x08000000, Size: 0x000033c4, Max: 0x00030000, ABSOLUTE)

    Exec Addr    Load Addr    Size         Type   Attr      Idx    E Section Name        Object

    0x08000000   0x08000000   0x000000c0   Data   RO            3    RESET               startup_stm32l071xx.o
    0x080000c0   0x080000c0   0x00000008   Code   RO         3888  * !!!main             c_p.l(__main.o)
    0x080000c8   0x080000c8   0x0000003c   Code   RO         4076    !!!scatter          c_p.l(__scatter.o)
    0x08000104   0x08000104   0x0000001a   Code   RO         4078    !!handler_copy      c_p.l(__scatter_copy.o)
    0x0800011e   0x0800011e   0x00000002   PAD
    0x08000120   0x08000120   0x0000001c   Code   RO         4080    !!handler_zi        c_p.l(__scatter_zi.o)
    0x0800013c   0x0800013c   0x00000002   Code   RO         3879    .ARM.Collect$$_printf_percent$$00000000  c_p.l(_printf_percent.o)
    0x0800013e   0x0800013e   0x0000000a   Code   RO         3878    .ARM.Collect$$_printf_percent$$00000009  c_p.l(_printf_d.o)
    0x08000148   0x08000148   0x0000000a   Code   RO         3877    .ARM.Collect$$_printf_percent$$0000000C  c_p.l(_printf_x.o)
    0x08000152   0x08000152   0x0000000a   Code   RO         3876    .ARM.Collect$$_printf_percent$$00000014  c_p.l(_printf_s.o)
    0x0800015c   0x0800015c   0x00000004   Code   RO         3907    .ARM.Collect$$_printf_percent$$00000017  c_p.l(_printf_percent_end.o)
    0x08000160   0x08000160   0x00000002   Code   RO         3949    .ARM.Collect$$libinit$$00000000  c_p.l(libinit.o)
    0x08000162   0x08000162   0x00000000   Code   RO         3963    .ARM.Collect$$libinit$$00000002  c_p.l(libinit2.o)
    0x08000162   0x08000162   0x00000000   Code   RO         3965    .ARM.Collect$$libinit$$00000004  c_p.l(libinit2.o)
    0x08000162   0x08000162   0x00000000   Code   RO         3968    .ARM.Collect$$libinit$$0000000A  c_p.l(libinit2.o)
    0x08000162   0x08000162   0x00000000   Code   RO         3970    .ARM.Collect$$libinit$$0000000C  c_p.l(libinit2.o)
    0x08000162   0x08000162   0x00000000   Code   RO         3972    .ARM.Collect$$libinit$$0000000E  c_p.l(libinit2.o)
    0x08000162   0x08000162   0x00000000   Code   RO         3975    .ARM.Collect$$libinit$$00000011  c_p.l(libinit2.o)
    0x08000162   0x08000162   0x00000000   Code   RO         3977    .ARM.Collect$$libinit$$00000013  c_p.l(libinit2.o)
    0x08000162   0x08000162   0x00000000   Code   RO         3979    .ARM.Collect$$libinit$$00000015  c_p.l(libinit2.o)
    0x08000162   0x08000162   0x00000000   Code   RO         3981    .ARM.Collect$$libinit$$00000017  c_p.l(libinit2.o)
    0x08000162   0x08000162   0x00000000   Code   RO         3983    .ARM.Collect$$libinit$$00000019  c_p.l(libinit2.o)
    0x08000162   0x08000162   0x00000000   Code   RO         3985    .ARM.Collect$$libinit$$0000001B  c_p.l(libinit2.o)
    0x08000162   0x08000162   0x00000000   Code   RO         3987    .ARM.Collect$$libinit$$0000001D  c_p.l(libinit2.o)
    0x08000162   0x08000162   0x00000000   Code   RO         3989    .ARM.Collect$$libinit$$0000001F  c_p.l(libinit2.o)
    0x08000162   0x08000162   0x00000000   Code   RO         3991    .ARM.Collect$$libinit$$00000021  c_p.l(libinit2.o)
    0x08000162   0x08000162   0x00000000   Code   RO         3993    .ARM.Collect$$libinit$$00000023  c_p.l(libinit2.o)
    0x08000162   0x08000162   0x00000000   Code   RO         3995    .ARM.Collect$$libinit$$00000025  c_p.l(libinit2.o)
    0x08000162   0x08000162   0x00000000   Code   RO         3999    .ARM.Collect$$libinit$$0000002C  c_p.l(libinit2.o)
    0x08000162   0x08000162   0x00000000   Code   RO         4001    .ARM.Collect$$libinit$$0000002E  c_p.l(libinit2.o)
    0x08000162   0x08000162   0x00000000   Code   RO         4003    .ARM.Collect$$libinit$$00000030  c_p.l(libinit2.o)
    0x08000162   0x08000162   0x00000000   Code   RO         4005    .ARM.Collect$$libinit$$00000032  c_p.l(libinit2.o)
    0x08000162   0x08000162   0x00000002   Code   RO         4006    .ARM.Collect$$libinit$$00000033  c_p.l(libinit2.o)
    0x08000164   0x08000164   0x00000002   Code   RO         4032    .ARM.Collect$$libshutdown$$00000000  c_p.l(libshutdown.o)
    0x08000166   0x08000166   0x00000000   Code   RO         4059    .ARM.Collect$$libshutdown$$00000002  c_p.l(libshutdown2.o)
    0x08000166   0x08000166   0x00000000   Code   RO         4061    .ARM.Collect$$libshutdown$$00000004  c_p.l(libshutdown2.o)
    0x08000166   0x08000166   0x00000000   Code   RO         4064    .ARM.Collect$$libshutdown$$00000007  c_p.l(libshutdown2.o)
    0x08000166   0x08000166   0x00000000   Code   RO         4067    .ARM.Collect$$libshutdown$$0000000A  c_p.l(libshutdown2.o)
    0x08000166   0x08000166   0x00000000   Code   RO         4069    .ARM.Collect$$libshutdown$$0000000C  c_p.l(libshutdown2.o)
    0x08000166   0x08000166   0x00000000   Code   RO         4072    .ARM.Collect$$libshutdown$$0000000F  c_p.l(libshutdown2.o)
    0x08000166   0x08000166   0x00000002   Code   RO         4073    .ARM.Collect$$libshutdown$$00000010  c_p.l(libshutdown2.o)
    0x08000168   0x08000168   0x00000000   Code   RO         3892    .ARM.Collect$$rtentry$$00000000  c_p.l(__rtentry.o)
    0x08000168   0x08000168   0x00000000   Code   RO         3911    .ARM.Collect$$rtentry$$00000002  c_p.l(__rtentry2.o)
    0x08000168   0x08000168   0x00000006   Code   RO         3923    .ARM.Collect$$rtentry$$00000004  c_p.l(__rtentry4.o)
    0x0800016e   0x0800016e   0x00000000   Code   RO         3913    .ARM.Collect$$rtentry$$00000009  c_p.l(__rtentry2.o)
    0x0800016e   0x0800016e   0x00000004   Code   RO         3914    .ARM.Collect$$rtentry$$0000000A  c_p.l(__rtentry2.o)
    0x08000172   0x08000172   0x00000000   Code   RO         3916    .ARM.Collect$$rtentry$$0000000C  c_p.l(__rtentry2.o)
    0x08000172   0x08000172   0x00000008   Code   RO         3917    .ARM.Collect$$rtentry$$0000000D  c_p.l(__rtentry2.o)
    0x0800017a   0x0800017a   0x00000002   Code   RO         3954    .ARM.Collect$$rtexit$$00000000  c_p.l(rtexit.o)
    0x0800017c   0x0800017c   0x00000000   Code   RO         4008    .ARM.Collect$$rtexit$$00000002  c_p.l(rtexit2.o)
    0x0800017c   0x0800017c   0x00000004   Code   RO         4009    .ARM.Collect$$rtexit$$00000003  c_p.l(rtexit2.o)
    0x08000180   0x08000180   0x00000006   Code   RO         4010    .ARM.Collect$$rtexit$$00000004  c_p.l(rtexit2.o)
    0x08000186   0x08000186   0x00000002   PAD
    0x08000188   0x08000188   0x00000038   Code   RO            4    .text               startup_stm32l071xx.o
    0x080001c0   0x080001c0   0x00000002   Code   RO         3819    .text               c_p.l(use_no_semi_2.o)
    0x080001c2   0x080001c2   0x00000102   Code   RO         3821    .text               c_p.l(lludiv.o)
    0x080002c4   0x080002c4   0x0000001c   Code   RO         3825    .text               c_p.l(noretval__2printf.o)
    0x080002e0   0x080002e0   0x0000004e   Code   RO         3829    .text               c_p.l(_printf_pad.o)
    0x0800032e   0x0800032e   0x00000052   Code   RO         3831    .text               c_p.l(_printf_str.o)
    0x08000380   0x08000380   0x0000006c   Code   RO         3833    .text               c_p.l(_printf_dec.o)
    0x080003ec   0x080003ec   0x00000058   Code   RO         3838    .text               c_p.l(_printf_hex_int.o)
    0x08000444   0x08000444   0x00000138   Code   RO         3868    .text               c_p.l(__printf_flags_wp.o)
    0x0800057c   0x0800057c   0x00000040   Code   RO         3880    .text               c_p.l(rt_memclr.o)
    0x080005bc   0x080005bc   0x0000015a   Code   RO         3882    .text               c_p.l(aeabi_sdiv.o)
    0x08000716   0x08000716   0x00000006   Code   RO         3886    .text               c_p.l(heapauxi.o)
    0x0800071c   0x0800071c   0x00000002   Code   RO         3890    .text               c_p.l(use_no_semi.o)
    0x0800071e   0x0800071e   0x000000b0   Code   RO         3901    .text               c_p.l(_printf_intcommon.o)
    0x080007ce   0x080007ce   0x0000002e   Code   RO         3903    .text               c_p.l(_printf_char.o)
    0x080007fc   0x080007fc   0x00000028   Code   RO         3905    .text               c_p.l(_printf_char_file.o)
    0x08000824   0x08000824   0x00000028   Code   RO         3908    .text               c_p.l(rtudiv10.o)
    0x0800084c   0x0800084c   0x00000030   Code   RO         3927    .text               c_p.l(_printf_char_common.o)
    0x0800087c   0x0800087c   0x00000008   Code   RO         3929    .text               c_p.l(ferror.o)
    0x08000884   0x08000884   0x0000003e   Code   RO         3933    .text               c_p.l(sys_stackheap_outer.o)
    0x080008c2   0x080008c2   0x00000010   Code   RO         3938    .text               c_p.l(exit.o)
    0x080008d2   0x080008d2   0x00000002   PAD
    0x080008d4   0x080008d4   0x00000008   Code   RO         3950    .text               c_p.l(libspace.o)
    0x080008dc   0x080008dc   0x00000018   Code   RO          446    i.DMA1_Channel2_3_IRQHandler  stm32l0xx_it.o
    0x080008f4   0x080008f4   0x00000004   Code   RO          153    i.Error_Handler     main.o
    0x080008f8   0x080008f8   0x00000044   Code   RO         1738    i.HAL_DMA_Abort     stm32l0xx_hal_dma.o
    0x0800093c   0x0800093c   0x0000004c   Code   RO         1739    i.HAL_DMA_Abort_IT  stm32l0xx_hal_dma.o
    0x08000988   0x08000988   0x000000a8   Code   RO         1743    i.HAL_DMA_IRQHandler  stm32l0xx_hal_dma.o
    0x08000a30   0x08000a30   0x00000090   Code   RO         1744    i.HAL_DMA_Init      stm32l0xx_hal_dma.o
    0x08000ac0   0x08000ac0   0x00000024   Code   RO         1055    i.HAL_Delay         stm32l0xx_hal.o
    0x08000ae4   0x08000ae4   0x000001bc   Code   RO         1678    i.HAL_GPIO_Init     stm32l0xx_hal_gpio.o
    0x08000ca0   0x08000ca0   0x0000000c   Code   RO         1682    i.HAL_GPIO_WritePin  stm32l0xx_hal_gpio.o
    0x08000cac   0x08000cac   0x0000000c   Code   RO         1059    i.HAL_GetTick       stm32l0xx_hal.o
    0x08000cb8   0x08000cb8   0x0000004a   Code   RO          996    i.HAL_I2CEx_ConfigAnalogFilter  stm32l0xx_hal_i2c_ex.o
    0x08000d02   0x08000d02   0x00000048   Code   RO          997    i.HAL_I2CEx_ConfigDigitalFilter  stm32l0xx_hal_i2c_ex.o
    0x08000d4a   0x08000d4a   0x00000002   PAD
    0x08000d4c   0x08000d4c   0x000000b4   Code   RO          549    i.HAL_I2C_Init      stm32l0xx_hal_i2c.o
    0x08000e00   0x08000e00   0x00000060   Code   RO          277    i.HAL_I2C_MspInit   i2c.o
    0x08000e60   0x08000e60   0x00000010   Code   RO         1065    i.HAL_IncTick       stm32l0xx_hal.o
    0x08000e70   0x08000e70   0x00000028   Code   RO         1066    i.HAL_Init          stm32l0xx_hal.o
    0x08000e98   0x08000e98   0x00000044   Code   RO         1067    i.HAL_InitTick      stm32l0xx_hal.o
    0x08000edc   0x08000edc   0x00000018   Code   RO          518    i.HAL_MspInit       stm32l0xx_hal_msp.o
    0x08000ef4   0x08000ef4   0x00000018   Code   RO         2007    i.HAL_NVIC_EnableIRQ  stm32l0xx_hal_cortex.o
    0x08000f0c   0x08000f0c   0x00000008   Code   RO         2011    i.HAL_NVIC_SetPriority  stm32l0xx_hal_cortex.o
    0x08000f14   0x08000f14   0x00000178   Code   RO         1353    i.HAL_RCCEx_PeriphCLKConfig  stm32l0xx_hal_rcc_ex.o
    0x0800108c   0x0800108c   0x0000019c   Code   RO         1253    i.HAL_RCC_ClockConfig  stm32l0xx_hal_rcc.o
    0x08001228   0x08001228   0x00000020   Code   RO         1259    i.HAL_RCC_GetPCLK1Freq  stm32l0xx_hal_rcc.o
    0x08001248   0x08001248   0x00000020   Code   RO         1260    i.HAL_RCC_GetPCLK2Freq  stm32l0xx_hal_rcc.o
    0x08001268   0x08001268   0x00000078   Code   RO         1261    i.HAL_RCC_GetSysClockFreq  stm32l0xx_hal_rcc.o
    0x080012e0   0x080012e0   0x00000432   Code   RO         1264    i.HAL_RCC_OscConfig  stm32l0xx_hal_rcc.o
    0x08001712   0x08001712   0x000000b6   Code   RO         2661    i.HAL_SPI_Init      stm32l0xx_hal_spi.o
    0x080017c8   0x080017c8   0x0000005c   Code   RO          365    i.HAL_SPI_MspInit   spi.o
    0x08001824   0x08001824   0x00000030   Code   RO         2015    i.HAL_SYSTICK_Config  stm32l0xx_hal_cortex.o
    0x08001854   0x08001854   0x00000060   Code   RO         3665    i.HAL_TIMEx_MasterConfigSynchronization  stm32l0xx_hal_tim_ex.o
    0x080018b4   0x080018b4   0x0000003e   Code   RO         2970    i.HAL_TIM_Base_Init  stm32l0xx_hal_tim.o
    0x080018f2   0x080018f2   0x00000002   PAD
    0x080018f4   0x080018f4   0x0000002c   Code   RO          403    i.HAL_TIM_Base_MspInit  tim.o
    0x08001920   0x08001920   0x000000dc   Code   RO         2979    i.HAL_TIM_ConfigClockSource  stm32l0xx_hal_tim.o
    0x080019fc   0x080019fc   0x00000002   Code   RO         3004    i.HAL_TIM_IC_CaptureCallback  stm32l0xx_hal_tim.o
    0x080019fe   0x080019fe   0x00000126   Code   RO         3018    i.HAL_TIM_IRQHandler  stm32l0xx_hal_tim.o
    0x08001b24   0x08001b24   0x0000004c   Code   RO          404    i.HAL_TIM_MspPostInit  tim.o
    0x08001b70   0x08001b70   0x00000002   Code   RO         3021    i.HAL_TIM_OC_DelayElapsedCallback  stm32l0xx_hal_tim.o
    0x08001b72   0x08001b72   0x000000d0   Code   RO         3042    i.HAL_TIM_PWM_ConfigChannel  stm32l0xx_hal_tim.o
    0x08001c42   0x08001c42   0x0000003e   Code   RO         3045    i.HAL_TIM_PWM_Init  stm32l0xx_hal_tim.o
    0x08001c80   0x08001c80   0x00000002   Code   RO         3047    i.HAL_TIM_PWM_MspInit  stm32l0xx_hal_tim.o
    0x08001c82   0x08001c82   0x00000002   Code   RO         3048    i.HAL_TIM_PWM_PulseFinishedCallback  stm32l0xx_hal_tim.o
    0x08001c84   0x08001c84   0x00000002   Code   RO         3056    i.HAL_TIM_PeriodElapsedCallback  stm32l0xx_hal_tim.o
    0x08001c86   0x08001c86   0x00000002   Code   RO         3061    i.HAL_TIM_TriggerCallback  stm32l0xx_hal_tim.o
    0x08001c88   0x08001c88   0x00000002   Code   RO         2191    i.HAL_UARTEx_RxEventCallback  stm32l0xx_hal_uart.o
    0x08001c8a   0x08001c8a   0x00000002   Code   RO         2580    i.HAL_UARTEx_WakeupCallback  stm32l0xx_hal_uart_ex.o
    0x08001c8c   0x08001c8c   0x00000002   Code   RO         2207    i.HAL_UART_ErrorCallback  stm32l0xx_hal_uart.o
    0x08001c8e   0x08001c8e   0x00000002   PAD
    0x08001c90   0x08001c90   0x000002a4   Code   RO         2210    i.HAL_UART_IRQHandler  stm32l0xx_hal_uart.o
    0x08001f34   0x08001f34   0x0000006a   Code   RO         2211    i.HAL_UART_Init     stm32l0xx_hal_uart.o
    0x08001f9e   0x08001f9e   0x00000002   PAD
    0x08001fa0   0x08001fa0   0x00000158   Code   RO          315    i.HAL_UART_MspInit  usart.o
    0x080020f8   0x080020f8   0x00000070   Code   RO         2216    i.HAL_UART_Receive_IT  stm32l0xx_hal_uart.o
    0x08002168   0x08002168   0x00000034   Code   RO         3725    i.HAL_UART_RxCpltCallback  modbus_test.o
    0x0800219c   0x0800219c   0x000000d2   Code   RO         2220    i.HAL_UART_Transmit  stm32l0xx_hal_uart.o
    0x0800226e   0x0800226e   0x00000002   Code   RO         2223    i.HAL_UART_TxCpltCallback  stm32l0xx_hal_uart.o
    0x08002270   0x08002270   0x00000002   Code   RO          447    i.HardFault_Handler  stm32l0xx_it.o
    0x08002272   0x08002272   0x00000002   PAD
    0x08002274   0x08002274   0x00000010   Code   RO          448    i.LPUART1_IRQHandler  stm32l0xx_it.o
    0x08002284   0x08002284   0x00000028   Code   RO          256    i.MX_DMA_Init       dma.o
    0x080022ac   0x080022ac   0x00000078   Code   RO          236    i.MX_GPIO_Init      gpio.o
    0x08002324   0x08002324   0x00000058   Code   RO          278    i.MX_I2C1_Init      i2c.o
    0x0800237c   0x0800237c   0x00000038   Code   RO          316    i.MX_LPUART1_UART_Init  usart.o
    0x080023b4   0x080023b4   0x00000040   Code   RO          366    i.MX_SPI2_Init      spi.o
    0x080023f4   0x080023f4   0x000000c4   Code   RO          405    i.MX_TIM2_Init      tim.o
    0x080024b8   0x080024b8   0x00000038   Code   RO          317    i.MX_USART1_UART_Init  usart.o
    0x080024f0   0x080024f0   0x00000038   Code   RO          318    i.MX_USART4_UART_Init  usart.o
    0x08002528   0x08002528   0x00000002   Code   RO          449    i.NMI_Handler       stm32l0xx_it.o
    0x0800252a   0x0800252a   0x00000002   Code   RO          450    i.PendSV_Handler    stm32l0xx_it.o
    0x0800252c   0x0800252c   0x00000002   Code   RO          451    i.SVC_Handler       stm32l0xx_it.o
    0x0800252e   0x0800252e   0x00000008   Code   RO          452    i.SysTick_Handler   stm32l0xx_it.o
    0x08002536   0x08002536   0x00000002   PAD
    0x08002538   0x08002538   0x00000094   Code   RO          154    i.SystemClock_Config  main.o
    0x080025cc   0x080025cc   0x00000002   Code   RO         3692    i.SystemInit        system_stm32l0xx.o
    0x080025ce   0x080025ce   0x00000002   PAD
    0x080025d0   0x080025d0   0x00000010   Code   RO          453    i.TIM2_IRQHandler   stm32l0xx_it.o
    0x080025e0   0x080025e0   0x00000068   Code   RO         3063    i.TIM_Base_SetConfig  stm32l0xx_hal_tim.o
    0x08002648   0x08002648   0x00000016   Code   RO         3074    i.TIM_ETR_SetConfig  stm32l0xx_hal_tim.o
    0x0800265e   0x0800265e   0x00000010   Code   RO         3075    i.TIM_ITRx_SetConfig  stm32l0xx_hal_tim.o
    0x0800266e   0x0800266e   0x00000030   Code   RO         3076    i.TIM_OC1_SetConfig  stm32l0xx_hal_tim.o
    0x0800269e   0x0800269e   0x00000032   Code   RO         3077    i.TIM_OC2_SetConfig  stm32l0xx_hal_tim.o
    0x080026d0   0x080026d0   0x00000036   Code   RO         3078    i.TIM_OC3_SetConfig  stm32l0xx_hal_tim.o
    0x08002706   0x08002706   0x00000036   Code   RO         3079    i.TIM_OC4_SetConfig  stm32l0xx_hal_tim.o
    0x0800273c   0x0800273c   0x00000022   Code   RO         3081    i.TIM_TI1_ConfigInputStage  stm32l0xx_hal_tim.o
    0x0800275e   0x0800275e   0x00000026   Code   RO         3083    i.TIM_TI2_ConfigInputStage  stm32l0xx_hal_tim.o
    0x08002784   0x08002784   0x000000ca   Code   RO         2225    i.UART_AdvFeatureConfig  stm32l0xx_hal_uart.o
    0x0800284e   0x0800284e   0x00000002   PAD
    0x08002850   0x08002850   0x00000064   Code   RO         2226    i.UART_CheckIdleState  stm32l0xx_hal_uart.o
    0x080028b4   0x080028b4   0x00000014   Code   RO         2227    i.UART_DMAAbortOnError  stm32l0xx_hal_uart.o
    0x080028c8   0x080028c8   0x0000005e   Code   RO         2237    i.UART_EndRxTransfer  stm32l0xx_hal_uart.o
    0x08002926   0x08002926   0x000000a8   Code   RO         2239    i.UART_RxISR_16BIT  stm32l0xx_hal_uart.o
    0x080029ce   0x080029ce   0x000000a8   Code   RO         2240    i.UART_RxISR_8BIT   stm32l0xx_hal_uart.o
    0x08002a76   0x08002a76   0x00000002   PAD
    0x08002a78   0x08002a78   0x00000214   Code   RO         2241    i.UART_SetConfig    stm32l0xx_hal_uart.o
    0x08002c8c   0x08002c8c   0x000000b4   Code   RO         2243    i.UART_Start_Receive_IT  stm32l0xx_hal_uart.o
    0x08002d40   0x08002d40   0x000000d4   Code   RO         2246    i.UART_WaitOnFlagUntilTimeout  stm32l0xx_hal_uart.o
    0x08002e14   0x08002e14   0x00000010   Code   RO          454    i.USART4_5_IRQHandler  stm32l0xx_it.o
    0x08002e24   0x08002e24   0x00000030   Code   RO         1338    i.__ARM_common_ll_muluu  stm32l0xx_hal_rcc.o
    0x08002e54   0x08002e54   0x0000001a   Code   RO         1823    i.__ARM_common_switch8  stm32l0xx_hal_dma.o
    0x08002e6e   0x08002e6e   0x00000002   PAD
    0x08002e70   0x08002e70   0x00000044   Code   RO         2017    i.__NVIC_SetPriority  stm32l0xx_hal_cortex.o
    0x08002eb4   0x08002eb4   0x0000000e   Code   RO         3866    i._is_digit         c_p.l(__printf_wp.o)
    0x08002ec2   0x08002ec2   0x00000002   Code   RO          155    i._sys_exit         main.o
    0x08002ec4   0x08002ec4   0x00000010   Code   RO         3726    i.clear_buffer      modbus_test.o
    0x08002ed4   0x08002ed4   0x0000010c   Code   RO         3727    i.detect_thermokon_sensor  modbus_test.o
    0x08002fe0   0x08002fe0   0x0000001c   Code   RO          156    i.fputc             main.o
    0x08002ffc   0x08002ffc   0x0000004c   Code   RO          157    i.main              main.o
    0x08003048   0x08003048   0x00000054   Code   RO         3728    i.modbus_calculateCrc  modbus_test.o
    0x0800309c   0x0800309c   0x0000018c   Code   RO         3729    i.modbus_read_registers  modbus_test.o
    0x08003228   0x08003228   0x00000022   Code   RO         3730    i.reflect_byte      modbus_test.o
    0x0800324a   0x0800324a   0x00000002   PAD
    0x0800324c   0x0800324c   0x000000fc   Code   RO         3731    i.string_output     modbus_test.o
    0x08003348   0x08003348   0x00000019   Data   RO         3693    .constdata          system_stm32l0xx.o
    0x08003361   0x08003361   0x00000008   Data   RO         3694    .constdata          system_stm32l0xx.o
    0x08003369   0x08003369   0x00000028   Data   RO         3839    .constdata          c_p.l(_printf_hex_int.o)
    0x08003391   0x08003391   0x00000011   Data   RO         3869    .constdata          c_p.l(__printf_flags_wp.o)
    0x080033a2   0x080033a2   0x00000002   PAD
    0x080033a4   0x080033a4   0x00000020   Data   RO         4074    Region$$Table       anon$$obj.o


    Execution Region RW_IRAM1 (Exec base: 0x20000000, Load base: 0x080033c4, Size: 0x00000988, Max: 0x00005000, ABSOLUTE)

    Exec Addr    Load Addr    Size         Type   Attr      Idx    E Section Name        Object

    0x20000000   0x080033c4   0x00000004   Data   RW          158    .data               main.o
    0x20000004   0x080033c8   0x0000000c   Data   RW         1077    .data               stm32l0xx_hal.o
    0x20000010   0x080033d4   0x00000004   Data   RW         3695    .data               system_stm32l0xx.o
    0x20000014   0x080033d8   0x00000002   Data   RW         3733    .data               modbus_test.o
    0x20000016   0x080033da   0x00000002   PAD
    0x20000018        -       0x0000004c   Zero   RW          279    .bss                i2c.o
    0x20000064        -       0x0000021c   Zero   RW          319    .bss                usart.o
    0x20000280        -       0x00000058   Zero   RW          367    .bss                spi.o
    0x200002d8        -       0x00000040   Zero   RW          406    .bss                tim.o
    0x20000318        -       0x00000010   Zero   RW         3732    .bss                modbus_test.o
    0x20000328        -       0x00000060   Zero   RW         3951    .bss                c_p.l(libspace.o)
    0x20000388        -       0x00000200   Zero   RW            2    HEAP                startup_stm32l071xx.o
    0x20000588        -       0x00000400   Zero   RW            1    STACK               startup_stm32l071xx.o


==============================================================================

Image component sizes


      Code (inc. data)   RO Data    RW Data    ZI Data      Debug   Object Name

        40          4          0          0          0        690   dma.o
       120         14          0          0          0        859   gpio.o
       184         26          0          0         76       1505   i2c.o
         0          0          0          0          0     346144   internal_flash.o
       258         40          0          4          0       4722   main.o
      1102        410          0          2         16       5696   modbus_test.o
       156         22          0          0         88       1485   spi.o
        56         26        192          0       1536        616   startup_stm32l071xx.o
       172         28          0         12          0       8953   stm32l0xx_hal.o
       148         24          0          0          0      11993   stm32l0xx_hal_cortex.o
       482         12          0          0          0       3259   stm32l0xx_hal_dma.o
         0          0          0          0          0       2440   stm32l0xx_hal_flash.o
       456         32          0          0          0       2044   stm32l0xx_hal_gpio.o
       180          4          0          0          0       2783   stm32l0xx_hal_i2c.o
       146          0          0          0          0       1827   stm32l0xx_hal_i2c_ex.o
        24          4          0          0          0        414   stm32l0xx_hal_msp.o
      1718         90          0          0          0       5548   stm32l0xx_hal_rcc.o
       376         14          0          0          0       1392   stm32l0xx_hal_rcc_ex.o
       182          0          0          0          0       1139   stm32l0xx_hal_spi.o
      1278         14          0          0          0      13295   stm32l0xx_hal_tim.o
        96         12          0          0          0       1164   stm32l0xx_hal_tim_ex.o
      2786        102          0          0          0      17917   stm32l0xx_hal_uart.o
         2          0          0          0          0        948   stm32l0xx_hal_uart_ex.o
        88         26          0          0          0       3781   stm32l0xx_it.o
         2          0         33          4          0       1099   system_stm32l0xx.o
       316         18          0          0         64       2180   tim.o
       512         60          0          0        540       2877   usart.o

    ----------------------------------------------------------------------
     10902        982        257         24       2320     446770   Object Totals
         0          0         32          0          0          0   (incl. Generated)
        22          0          0          2          0          0   (incl. Padding)

    ----------------------------------------------------------------------

      Code (inc. data)   RO Data    RW Data    ZI Data      Debug   Library Member Name

         8          0          0          0          0         68   __main.o
       312          6         17          0          0         76   __printf_flags_wp.o
        14          0          0          0          0         60   __printf_wp.o
         0          0          0          0          0          0   __rtentry.o
        12          0          0          0          0          0   __rtentry2.o
         6          0          0          0          0          0   __rtentry4.o
        60          8          0          0          0          0   __scatter.o
        26          0          0          0          0          0   __scatter_copy.o
        28          0          0          0          0          0   __scatter_zi.o
        46          0          0          0          0        100   _printf_char.o
        48          6          0          0          0         88   _printf_char_common.o
        40          6          0          0          0         72   _printf_char_file.o
        10          0          0          0          0          0   _printf_d.o
       108         18          0          0          0         76   _printf_dec.o
        88          4         40          0          0         72   _printf_hex_int.o
       176          0          0          0          0         84   _printf_intcommon.o
        78          0          0          0          0        100   _printf_pad.o
         2          0          0          0          0          0   _printf_percent.o
         4          0          0          0          0          0   _printf_percent_end.o
        10          0          0          0          0          0   _printf_s.o
        82          0          0          0          0         72   _printf_str.o
        10          0          0          0          0          0   _printf_x.o
       346          0          0          0          0         92   aeabi_sdiv.o
        16          0          0          0          0         68   exit.o
         8          0          0          0          0         60   ferror.o
         6          0          0          0          0        136   heapauxi.o
         2          0          0          0          0          0   libinit.o
         2          0          0          0          0          0   libinit2.o
         2          0          0          0          0          0   libshutdown.o
         2          0          0          0          0          0   libshutdown2.o
         8          4          0          0         96         68   libspace.o
       258          0          0          0          0         88   lludiv.o
        28          6          0          0          0         84   noretval__2printf.o
        64          0          0          0          0        108   rt_memclr.o
         2          0          0          0          0          0   rtexit.o
        10          0          0          0          0          0   rtexit2.o
        40          0          0          0          0         60   rtudiv10.o
        62          0          0          0          0         80   sys_stackheap_outer.o
         2          0          0          0          0         68   use_no_semi.o
         2          0          0          0          0         68   use_no_semi_2.o

    ----------------------------------------------------------------------
      2034         58         59          0         96       1848   Library Totals
         6          0          2          0          0          0   (incl. Padding)

    ----------------------------------------------------------------------

      Code (inc. data)   RO Data    RW Data    ZI Data      Debug   Library Name

      2028         58         57          0         96       1848   c_p.l

    ----------------------------------------------------------------------
      2034         58         59          0         96       1848   Library Totals

    ----------------------------------------------------------------------

==============================================================================


      Code (inc. data)   RO Data    RW Data    ZI Data      Debug   

     12936       1040        316         24       2416     443582   Grand Totals
     12936       1040        316         24       2416     443582   ELF Image Totals
     12936       1040        316         24          0          0   ROM Totals

==============================================================================

    Total RO  Size (Code + RO Data)                13252 (  12.94kB)
    Total RW  Size (RW Data + ZI Data)              2440 (   2.38kB)
    Total ROM Size (Code + RO Data + RW Data)      13276 (  12.96kB)

==============================================================================

